2025-10-12T15:46:39.6880340Z Current runner version: '2.328.0'
2025-10-12T15:46:39.6894880Z ##[group]Runner Image Provisioner
2025-10-12T15:46:39.6895390Z Hosted Compute Agent
2025-10-12T15:46:39.6895750Z Version: 20251003.420
2025-10-12T15:46:39.6896140Z Commit: 2377dc5bf0f6cca5c863dfc4fa0dabc70e08de87
2025-10-12T15:46:39.6896580Z Build Date: 2025-10-03T16:01:39Z
2025-10-12T15:46:39.6896940Z ##[endgroup]
2025-10-12T15:46:39.6897250Z ##[group]Operating System
2025-10-12T15:46:39.6897590Z macOS
2025-10-12T15:46:39.6897880Z 14.7.6
2025-10-12T15:46:39.6898160Z 23H626
2025-10-12T15:46:39.6898440Z ##[endgroup]
2025-10-12T15:46:39.6898760Z ##[group]Runner Image
2025-10-12T15:46:39.6899090Z Image: macos-14-arm64
2025-10-12T15:46:39.6899410Z Version: 20250928.1833
2025-10-12T15:46:39.6900100Z Included Software: https://github.com/actions/runner-images/blob/macos-14-arm64/20250928.1833/images/macos/macos-14-arm64-Readme.md
2025-10-12T15:46:39.6901360Z Image Release: https://github.com/actions/runner-images/releases/tag/macos-14-arm64%2F20250928.1833
2025-10-12T15:46:39.6902000Z ##[endgroup]
2025-10-12T15:46:39.6902740Z ##[group]GITHUB_TOKEN Permissions
2025-10-12T15:46:39.6903740Z Contents: read
2025-10-12T15:46:39.6904050Z Metadata: read
2025-10-12T15:46:39.6904370Z Packages: read
2025-10-12T15:46:39.6904690Z ##[endgroup]
2025-10-12T15:46:39.6905980Z Secret source: Actions
2025-10-12T15:46:39.6906410Z Prepare workflow directory
2025-10-12T15:46:39.7280680Z Prepare all required actions
2025-10-12T15:46:39.7308050Z Getting action download info
2025-10-12T15:46:40.0225020Z Download action repository 'actions/checkout@v4' (SHA:08eba0b27e820071cde6df949e0beb9ba4906955)
2025-10-12T15:46:40.3243980Z Download action repository 'maxim-lobanov/setup-xcode@v1' (SHA:60606e260d2fc5762a71e64e74b2174e8ea3c8bd)
2025-10-12T15:46:41.4510780Z Download action repository 'apple-actions/import-codesign-certs@v2' (SHA:8f3fb608891dd2244cdab3d69cd68c0d37a7fe93)
2025-10-12T15:46:42.5037770Z Download action repository 'actions/upload-artifact@v4' (SHA:ea165f8d65b6e75b540449e92b4886f43607fa02)
2025-10-12T15:46:42.6828590Z Complete job name: build
2025-10-12T15:46:42.7240630Z ##[group]Run actions/checkout@v4
2025-10-12T15:46:42.7241610Z with:
2025-10-12T15:46:42.7242200Z   repository: kshravi86/python-interpretor-codex
2025-10-12T15:46:42.7243100Z   token: ***
2025-10-12T15:46:42.7243600Z   ssh-strict: true
2025-10-12T15:46:42.7244130Z   ssh-user: git
2025-10-12T15:46:42.7244660Z   persist-credentials: true
2025-10-12T15:46:42.7245240Z   clean: true
2025-10-12T15:46:42.7245770Z   sparse-checkout-cone-mode: true
2025-10-12T15:46:42.7246400Z   fetch-depth: 1
2025-10-12T15:46:42.7246920Z   fetch-tags: false
2025-10-12T15:46:42.7247420Z   show-progress: true
2025-10-12T15:46:42.7247910Z   lfs: false
2025-10-12T15:46:42.7248370Z   submodules: false
2025-10-12T15:46:42.7248870Z   set-safe-directory: true
2025-10-12T15:46:42.7249510Z env:
2025-10-12T15:46:42.7249990Z   APP_PROJECT: NotesApp.xcodeproj
2025-10-12T15:46:42.7250580Z   APP_SCHEME: NotesApp
2025-10-12T15:46:42.7251090Z   EXPORT_METHOD: adhoc
2025-10-12T15:46:42.7251660Z   BUNDLE_ID: com.venki18.codesnake
2025-10-12T15:46:42.7252250Z ##[endgroup]
2025-10-12T15:46:42.9979550Z Syncing repository: kshravi86/python-interpretor-codex
2025-10-12T15:46:42.9981310Z ##[group]Getting Git version info
2025-10-12T15:46:42.9982320Z Working directory is '/Users/runner/work/python-interpretor-codex/python-interpretor-codex'
2025-10-12T15:46:42.9983770Z [command]/opt/homebrew/bin/git version
2025-10-12T15:46:43.0476130Z git version 2.50.1
2025-10-12T15:46:43.0504830Z ##[endgroup]
2025-10-12T15:46:43.0514920Z Copying '/Users/runner/.gitconfig' to '/Users/runner/work/_temp/49e32d26-f6f5-43ac-a048-cff81dabf6a0/.gitconfig'
2025-10-12T15:46:43.0520860Z Temporarily overriding HOME='/Users/runner/work/_temp/49e32d26-f6f5-43ac-a048-cff81dabf6a0' before making global git config changes
2025-10-12T15:46:43.0522660Z Adding repository directory to the temporary git global config as a safe directory
2025-10-12T15:46:43.0524800Z [command]/opt/homebrew/bin/git config --global --add safe.directory /Users/runner/work/python-interpretor-codex/python-interpretor-codex
2025-10-12T15:46:43.0598810Z Deleting the contents of '/Users/runner/work/python-interpretor-codex/python-interpretor-codex'
2025-10-12T15:46:43.0600840Z ##[group]Initializing the repository
2025-10-12T15:46:43.0604840Z [command]/opt/homebrew/bin/git init /Users/runner/work/python-interpretor-codex/python-interpretor-codex
2025-10-12T15:46:43.0750230Z hint: Using 'master' as the name for the initial branch. This default branch name
2025-10-12T15:46:43.0751850Z hint: is subject to change. To configure the initial branch name to use in all
2025-10-12T15:46:43.0753020Z hint: of your new repositories, which will suppress this warning, call:
2025-10-12T15:46:43.0753860Z hint:
2025-10-12T15:46:43.0754430Z hint: 	git config --global init.defaultBranch <name>
2025-10-12T15:46:43.0755120Z hint:
2025-10-12T15:46:43.0755760Z hint: Names commonly chosen instead of 'master' are 'main', 'trunk' and
2025-10-12T15:46:43.0756870Z hint: 'development'. The just-created branch can be renamed via this command:
2025-10-12T15:46:43.0757780Z hint:
2025-10-12T15:46:43.0758350Z hint: 	git branch -m <name>
2025-10-12T15:46:43.0758870Z hint:
2025-10-12T15:46:43.0759580Z hint: Disable this message with "git config set advice.defaultBranchName false"
2025-10-12T15:46:43.0761010Z Initialized empty Git repository in /Users/runner/work/python-interpretor-codex/python-interpretor-codex/.git/
2025-10-12T15:46:43.0763480Z [command]/opt/homebrew/bin/git remote add origin https://github.com/kshravi86/python-interpretor-codex
2025-10-12T15:46:43.0811050Z ##[endgroup]
2025-10-12T15:46:43.0811920Z ##[group]Disabling automatic garbage collection
2025-10-12T15:46:43.0812710Z [command]/opt/homebrew/bin/git config --local gc.auto 0
2025-10-12T15:46:43.0848900Z ##[endgroup]
2025-10-12T15:46:43.0849670Z ##[group]Setting up auth
2025-10-12T15:46:43.0852950Z [command]/opt/homebrew/bin/git config --local --name-only --get-regexp core\.sshCommand
2025-10-12T15:46:43.0888720Z [command]/opt/homebrew/bin/git submodule foreach --recursive sh -c "git config --local --name-only --get-regexp 'core\.sshCommand' && git config --local --unset-all 'core.sshCommand' || :"
2025-10-12T15:46:43.1735490Z [command]/opt/homebrew/bin/git config --local --name-only --get-regexp http\.https\:\/\/github\.com\/\.extraheader
2025-10-12T15:46:43.1771910Z [command]/opt/homebrew/bin/git submodule foreach --recursive sh -c "git config --local --name-only --get-regexp 'http\.https\:\/\/github\.com\/\.extraheader' && git config --local --unset-all 'http.https://github.com/.extraheader' || :"
2025-10-12T15:46:43.2256710Z [command]/opt/homebrew/bin/git config --local http.https://github.com/.extraheader AUTHORIZATION: basic ***
2025-10-12T15:46:43.2303010Z ##[endgroup]
2025-10-12T15:46:43.2303820Z ##[group]Fetching the repository
2025-10-12T15:46:43.2308610Z [command]/opt/homebrew/bin/git -c protocol.version=2 fetch --no-tags --prune --no-recurse-submodules --depth=1 origin +129f38251ea19e09f2f647a079c27d12218b4ca3:refs/remotes/origin/main
2025-10-12T15:46:44.4436450Z From https://github.com/kshravi86/python-interpretor-codex
2025-10-12T15:46:44.4437290Z  * [new ref]         129f38251ea19e09f2f647a079c27d12218b4ca3 -> origin/main
2025-10-12T15:46:44.4490660Z ##[endgroup]
2025-10-12T15:46:44.4490960Z ##[group]Determining the checkout info
2025-10-12T15:46:44.4491260Z ##[endgroup]
2025-10-12T15:46:44.4494810Z [command]/opt/homebrew/bin/git sparse-checkout disable
2025-10-12T15:46:44.4553060Z [command]/opt/homebrew/bin/git config --local --unset-all extensions.worktreeConfig
2025-10-12T15:46:44.4600720Z ##[group]Checking out the ref
2025-10-12T15:46:44.4602850Z [command]/opt/homebrew/bin/git checkout --progress --force -B main refs/remotes/origin/main
2025-10-12T15:46:44.5601220Z Switched to a new branch 'main'
2025-10-12T15:46:44.5608710Z branch 'main' set up to track 'origin/main'.
2025-10-12T15:46:44.5611150Z ##[endgroup]
2025-10-12T15:46:44.5684220Z [command]/opt/homebrew/bin/git log -1 --format=%H
2025-10-12T15:46:44.5728220Z 129f38251ea19e09f2f647a079c27d12218b4ca3
2025-10-12T15:46:44.5865670Z ##[group]Run maxim-lobanov/setup-xcode@v1
2025-10-12T15:46:44.5865940Z with:
2025-10-12T15:46:44.5866120Z   xcode-version: 15.4
2025-10-12T15:46:44.5866260Z env:
2025-10-12T15:46:44.5866410Z   APP_PROJECT: NotesApp.xcodeproj
2025-10-12T15:46:44.5866580Z   APP_SCHEME: NotesApp
2025-10-12T15:46:44.5866750Z   EXPORT_METHOD: adhoc
2025-10-12T15:46:44.5866900Z   BUNDLE_ID: com.venki18.codesnake
2025-10-12T15:46:44.5867070Z ##[endgroup]
2025-10-12T15:46:44.6431700Z Switching Xcode to version '15.4'...
2025-10-12T15:46:44.7129810Z Xcode is set to 15.4.0 (15F31d)
2025-10-12T15:46:44.7221590Z ##[group]Run set -euo pipefail
2025-10-12T15:46:44.7221980Z [36;1mset -euo pipefail[0m
2025-10-12T15:46:44.7239530Z [36;1mif [[ -z "***" ]]; then echo "::error::IOS_CERT_P12_BASE64 is missing"; exit 1; fi[0m
2025-10-12T15:46:44.7239950Z [36;1mif [[ -z "***" ]]; then echo "::error::IOS_CERT_PASSWORD is missing"; exit 1; fi[0m
2025-10-12T15:46:44.7240350Z [36;1mTMP_DIR=$(mktemp -d)[0m
2025-10-12T15:46:44.7240580Z [36;1mecho "Validating p12 secret..."[0m
2025-10-12T15:46:44.7257940Z [36;1mecho "***" | base64 --decode > "$TMP_DIR/signing.p12" || { echo "::error::Invalid base64 in IOS_CERT_P12_BASE64"; exit 1; }[0m
2025-10-12T15:46:44.7258600Z [36;1mif ! (openssl pkcs12 -in "$TMP_DIR/signing.p12" -passin pass:"***" -nokeys -clcerts -info -nodes >/dev/null 2>&1); then[0m
2025-10-12T15:46:44.7259090Z [36;1m  echo "::error::p12 password incorrect or file corrupted"; exit 1[0m
2025-10-12T15:46:44.7259360Z [36;1mfi[0m
2025-10-12T15:46:44.7259960Z [36;1mecho "p12 precheck OK ($(/usr/bin/stat -f%z "$TMP_DIR/signing.p12" 2>/dev/null || stat -f%z "$TMP_DIR/signing.p12" 2>/dev/null || stat -f "%z" "$TMP_DIR/signing.p12" 2>/dev/null || stat -c%s "$TMP_DIR/signing.p12" ) bytes)"[0m
2025-10-12T15:46:44.7332840Z shell: /bin/bash --noprofile --norc -e -o pipefail {0}
2025-10-12T15:46:44.7333130Z env:
2025-10-12T15:46:44.7333300Z   APP_PROJECT: NotesApp.xcodeproj
2025-10-12T15:46:44.7333530Z   APP_SCHEME: NotesApp
2025-10-12T15:46:44.7333700Z   EXPORT_METHOD: adhoc
2025-10-12T15:46:44.7333870Z   BUNDLE_ID: com.venki18.codesnake
2025-10-12T15:46:44.7334110Z   MD_APPLE_SDK_ROOT: /Applications/Xcode_15.4.app
2025-10-12T15:46:44.7334330Z ##[endgroup]
2025-10-12T15:46:44.7706240Z Validating p12 secret...
2025-10-12T15:46:44.8279350Z p12 precheck OK (3376 bytes)
2025-10-12T15:46:44.8322320Z ##[group]Run apple-actions/import-codesign-certs@v2
2025-10-12T15:46:44.8322590Z with:
2025-10-12T15:46:44.8338930Z   p12-file-base64: ***
2025-10-12T15:46:44.8339130Z   p12-password: ***
2025-10-12T15:46:44.8339300Z   keychain: signing_temp
2025-10-12T15:46:44.8339470Z   create-keychain: true
2025-10-12T15:46:44.8339630Z env:
2025-10-12T15:46:44.8339800Z   APP_PROJECT: NotesApp.xcodeproj
2025-10-12T15:46:44.8339990Z   APP_SCHEME: NotesApp
2025-10-12T15:46:44.8340160Z   EXPORT_METHOD: adhoc
2025-10-12T15:46:44.8340420Z   BUNDLE_ID: com.venki18.codesnake
2025-10-12T15:46:44.8340690Z   MD_APPLE_SDK_ROOT: /Applications/Xcode_15.4.app
2025-10-12T15:46:44.8340930Z ##[endgroup]
2025-10-12T15:46:44.8870090Z [command]/usr/bin/security create-keychain -p *** signing_temp.keychain
2025-10-12T15:46:44.9073810Z [command]/usr/bin/security set-keychain-settings -lut 21600 signing_temp.keychain
2025-10-12T15:46:44.9231660Z [command]/usr/bin/security unlock-keychain -p *** signing_temp.keychain
2025-10-12T15:46:44.9376880Z [command]/usr/bin/security import /var/folders/y6/nj790rtn62lfktb1sh__79hc0000gn/T/tmp-18586FiYRLfyfwcOF -k signing_temp.keychain -f pkcs12 -A -T /usr/bin/codesign -T /usr/bin/security -P ***
2025-10-12T15:46:44.9606400Z security: SecKeychainItemImport: MAC verification failed during PKCS12 import (wrong password?)
2025-10-12T15:46:44.9626240Z ##[error]The process '/usr/bin/security' failed with exit code 1
2025-10-12T15:46:44.9921440Z Post job cleanup.
2025-10-12T15:46:45.0707150Z [command]/opt/homebrew/bin/git version
2025-10-12T15:46:45.0750250Z git version 2.50.1
2025-10-12T15:46:45.0769400Z Copying '/Users/runner/.gitconfig' to '/Users/runner/work/_temp/c0a6b49d-ab85-40d0-a57d-2ba5eb188197/.gitconfig'
2025-10-12T15:46:45.0776450Z Temporarily overriding HOME='/Users/runner/work/_temp/c0a6b49d-ab85-40d0-a57d-2ba5eb188197' before making global git config changes
2025-10-12T15:46:45.0777360Z Adding repository directory to the temporary git global config as a safe directory
2025-10-12T15:46:45.0784260Z [command]/opt/homebrew/bin/git config --global --add safe.directory /Users/runner/work/python-interpretor-codex/python-interpretor-codex
2025-10-12T15:46:45.0832660Z [command]/opt/homebrew/bin/git config --local --name-only --get-regexp core\.sshCommand
2025-10-12T15:46:45.0875050Z [command]/opt/homebrew/bin/git submodule foreach --recursive sh -c "git config --local --name-only --get-regexp 'core\.sshCommand' && git config --local --unset-all 'core.sshCommand' || :"
2025-10-12T15:46:45.1345150Z fatal: No url found for submodule path 'tmp_hydrateiq_privacy' in .gitmodules
2025-10-12T15:46:45.1366550Z ##[warning]The process '/opt/homebrew/bin/git' failed with exit code 128
2025-10-12T15:46:45.1424500Z Cleaning up orphan processes
