2025-10-14T10:22:06.1030280Z Current runner version: '2.328.0'
2025-10-14T10:22:06.1046340Z ##[group]Runner Image Provisioner
2025-10-14T10:22:06.1046890Z Hosted Compute Agent
2025-10-14T10:22:06.1047280Z Version: 20251003.420
2025-10-14T10:22:06.1047740Z Commit: 2377dc5bf0f6cca5c863dfc4fa0dabc70e08de87
2025-10-14T10:22:06.1048290Z Build Date: 2025-10-03T16:01:39Z
2025-10-14T10:22:06.1048710Z ##[endgroup]
2025-10-14T10:22:06.1049110Z ##[group]Operating System
2025-10-14T10:22:06.1049530Z macOS
2025-10-14T10:22:06.1050270Z 14.7.6
2025-10-14T10:22:06.1050740Z 23H626
2025-10-14T10:22:06.1051100Z ##[endgroup]
2025-10-14T10:22:06.1051470Z ##[group]Runner Image
2025-10-14T10:22:06.1051860Z Image: macos-14-arm64
2025-10-14T10:22:06.1052240Z Version: 20250928.1833
2025-10-14T10:22:06.1053010Z Included Software: https://github.com/actions/runner-images/blob/macos-14-arm64/20250928.1833/images/macos/macos-14-arm64-Readme.md
2025-10-14T10:22:06.1054170Z Image Release: https://github.com/actions/runner-images/releases/tag/macos-14-arm64%2F20250928.1833
2025-10-14T10:22:06.1054840Z ##[endgroup]
2025-10-14T10:22:06.1055710Z ##[group]GITHUB_TOKEN Permissions
2025-10-14T10:22:06.1057190Z Contents: read
2025-10-14T10:22:06.1057590Z Metadata: read
2025-10-14T10:22:06.1057950Z Packages: read
2025-10-14T10:22:06.1058310Z ##[endgroup]
2025-10-14T10:22:06.1059960Z Secret source: Actions
2025-10-14T10:22:06.1060430Z Prepare workflow directory
2025-10-14T10:22:06.1548040Z Prepare all required actions
2025-10-14T10:22:06.1577540Z Getting action download info
2025-10-14T10:22:06.5299500Z Download action repository 'actions/checkout@v4' (SHA:08eba0b27e820071cde6df949e0beb9ba4906955)
2025-10-14T10:22:06.9627600Z Download action repository 'actions/upload-artifact@v4' (SHA:ea165f8d65b6e75b540449e92b4886f43607fa02)
2025-10-14T10:22:07.1897870Z Complete job name: Build unsigned IPA
2025-10-14T10:22:07.2403870Z ##[group]Run actions/checkout@v4
2025-10-14T10:22:07.2404490Z with:
2025-10-14T10:22:07.2404910Z   repository: kshravi86/python-interpretor-codex
2025-10-14T10:22:07.2405610Z   token: ***
2025-10-14T10:22:07.2405960Z   ssh-strict: true
2025-10-14T10:22:07.2406310Z   ssh-user: git
2025-10-14T10:22:07.2406670Z   persist-credentials: true
2025-10-14T10:22:07.2407060Z   clean: true
2025-10-14T10:22:07.2407430Z   sparse-checkout-cone-mode: true
2025-10-14T10:22:07.2407840Z   fetch-depth: 1
2025-10-14T10:22:07.2408200Z   fetch-tags: false
2025-10-14T10:22:07.2408560Z   show-progress: true
2025-10-14T10:22:07.2408920Z   lfs: false
2025-10-14T10:22:07.2409270Z   submodules: false
2025-10-14T10:22:07.2409640Z   set-safe-directory: true
2025-10-14T10:22:07.2410190Z env:
2025-10-14T10:22:07.2410550Z   PROJECT_PATH: NotesApp.xcodeproj
2025-10-14T10:22:07.2410960Z   SCHEME: NotesApp
2025-10-14T10:22:07.2411330Z   CONFIGURATION: Release
2025-10-14T10:22:07.2412560Z ##[endgroup]
2025-10-14T10:22:07.7460220Z Syncing repository: kshravi86/python-interpretor-codex
2025-10-14T10:22:07.7495310Z ##[group]Getting Git version info
2025-10-14T10:22:07.7527760Z Working directory is '/Users/runner/work/python-interpretor-codex/python-interpretor-codex'
2025-10-14T10:22:07.7532940Z [command]/opt/homebrew/bin/git version
2025-10-14T10:22:07.7978710Z git version 2.50.1
2025-10-14T10:22:07.8034680Z ##[endgroup]
2025-10-14T10:22:07.8041880Z Copying '/Users/runner/.gitconfig' to '/Users/runner/work/_temp/4ab627ab-3a78-40c3-8f5a-db13b753fef7/.gitconfig'
2025-10-14T10:22:07.8047540Z Temporarily overriding HOME='/Users/runner/work/_temp/4ab627ab-3a78-40c3-8f5a-db13b753fef7' before making global git config changes
2025-10-14T10:22:07.8049820Z Adding repository directory to the temporary git global config as a safe directory
2025-10-14T10:22:07.8052140Z [command]/opt/homebrew/bin/git config --global --add safe.directory /Users/runner/work/python-interpretor-codex/python-interpretor-codex
2025-10-14T10:22:07.8188470Z Deleting the contents of '/Users/runner/work/python-interpretor-codex/python-interpretor-codex'
2025-10-14T10:22:07.8194780Z ##[group]Initializing the repository
2025-10-14T10:22:07.8200210Z [command]/opt/homebrew/bin/git init /Users/runner/work/python-interpretor-codex/python-interpretor-codex
2025-10-14T10:22:07.8561050Z hint: Using 'master' as the name for the initial branch. This default branch name
2025-10-14T10:22:07.8571410Z hint: is subject to change. To configure the initial branch name to use in all
2025-10-14T10:22:07.8573740Z hint: of your new repositories, which will suppress this warning, call:
2025-10-14T10:22:07.8575540Z hint:
2025-10-14T10:22:07.8576850Z hint: 	git config --global init.defaultBranch <name>
2025-10-14T10:22:07.8580970Z hint:
2025-10-14T10:22:07.8583390Z hint: Names commonly chosen instead of 'master' are 'main', 'trunk' and
2025-10-14T10:22:07.8585070Z hint: 'development'. The just-created branch can be renamed via this command:
2025-10-14T10:22:07.8586480Z hint:
2025-10-14T10:22:07.8587230Z hint: 	git branch -m <name>
2025-10-14T10:22:07.8588060Z hint:
2025-10-14T10:22:07.8589130Z hint: Disable this message with "git config set advice.defaultBranchName false"
2025-10-14T10:22:07.8591510Z Initialized empty Git repository in /Users/runner/work/python-interpretor-codex/python-interpretor-codex/.git/
2025-10-14T10:22:07.8597250Z [command]/opt/homebrew/bin/git remote add origin https://github.com/kshravi86/python-interpretor-codex
2025-10-14T10:22:07.8732270Z ##[endgroup]
2025-10-14T10:22:07.8735290Z ##[group]Disabling automatic garbage collection
2025-10-14T10:22:07.8738860Z [command]/opt/homebrew/bin/git config --local gc.auto 0
2025-10-14T10:22:07.8785390Z ##[endgroup]
2025-10-14T10:22:07.8786790Z ##[group]Setting up auth
2025-10-14T10:22:07.8803820Z [command]/opt/homebrew/bin/git config --local --name-only --get-regexp core\.sshCommand
2025-10-14T10:22:07.8915750Z [command]/opt/homebrew/bin/git submodule foreach --recursive sh -c "git config --local --name-only --get-regexp 'core\.sshCommand' && git config --local --unset-all 'core.sshCommand' || :"
2025-10-14T10:22:08.0129740Z [command]/opt/homebrew/bin/git config --local --name-only --get-regexp http\.https\:\/\/github\.com\/\.extraheader
2025-10-14T10:22:08.0234790Z [command]/opt/homebrew/bin/git submodule foreach --recursive sh -c "git config --local --name-only --get-regexp 'http\.https\:\/\/github\.com\/\.extraheader' && git config --local --unset-all 'http.https://github.com/.extraheader' || :"
2025-10-14T10:22:08.1211190Z [command]/opt/homebrew/bin/git config --local http.https://github.com/.extraheader AUTHORIZATION: basic ***
2025-10-14T10:22:08.1232020Z ##[endgroup]
2025-10-14T10:22:08.1233420Z ##[group]Fetching the repository
2025-10-14T10:22:08.1244610Z [command]/opt/homebrew/bin/git -c protocol.version=2 fetch --no-tags --prune --no-recurse-submodules --depth=1 origin +4bc3abb234d1172e65965e81695f299a4b51a7b9:refs/remotes/origin/main
2025-10-14T10:22:09.2665100Z From https://github.com/kshravi86/python-interpretor-codex
2025-10-14T10:22:09.2668450Z  * [new ref]         4bc3abb234d1172e65965e81695f299a4b51a7b9 -> origin/main
2025-10-14T10:22:09.2795690Z ##[endgroup]
2025-10-14T10:22:09.2796820Z ##[group]Determining the checkout info
2025-10-14T10:22:09.2799960Z ##[endgroup]
2025-10-14T10:22:09.2800590Z [command]/opt/homebrew/bin/git sparse-checkout disable
2025-10-14T10:22:09.2895030Z [command]/opt/homebrew/bin/git config --local --unset-all extensions.worktreeConfig
2025-10-14T10:22:09.2995140Z ##[group]Checking out the ref
2025-10-14T10:22:09.3002160Z [command]/opt/homebrew/bin/git checkout --progress --force -B main refs/remotes/origin/main
2025-10-14T10:22:09.4074540Z Switched to a new branch 'main'
2025-10-14T10:22:09.4124790Z branch 'main' set up to track 'origin/main'.
2025-10-14T10:22:09.4141420Z ##[endgroup]
2025-10-14T10:22:09.4223690Z [command]/opt/homebrew/bin/git log -1 --format=%H
2025-10-14T10:22:09.4290770Z 4bc3abb234d1172e65965e81695f299a4b51a7b9
2025-10-14T10:22:09.4506610Z ##[group]Run xcodebuild -version
2025-10-14T10:22:09.4507100Z [36;1mxcodebuild -version[0m
2025-10-14T10:22:09.4507330Z [36;1mxcode-select -p[0m
2025-10-14T10:22:09.4572430Z shell: /bin/bash -e {0}
2025-10-14T10:22:09.4572690Z env:
2025-10-14T10:22:09.4573230Z   PROJECT_PATH: NotesApp.xcodeproj
2025-10-14T10:22:09.4573470Z   SCHEME: NotesApp
2025-10-14T10:22:09.4573740Z   CONFIGURATION: Release
2025-10-14T10:22:09.4573960Z ##[endgroup]
2025-10-14T10:22:10.7099310Z Xcode 15.4
2025-10-14T10:22:10.7104790Z Build version 15F31d
2025-10-14T10:22:10.7154920Z /Applications/Xcode_15.4.app/Contents/Developer
2025-10-14T10:22:10.7189330Z ##[group]Run xcodebuild -list -project "$PROJECT_PATH"
2025-10-14T10:22:10.7189710Z [36;1mxcodebuild -list -project "$PROJECT_PATH"[0m
2025-10-14T10:22:10.7243450Z shell: /bin/bash -e {0}
2025-10-14T10:22:10.7243680Z env:
2025-10-14T10:22:10.7243900Z   PROJECT_PATH: NotesApp.xcodeproj
[O2025-10-14T10:22:10.7244090Z   SCHEME: NotesApp
2025-10-14T10:22:10.7244250Z   CONFIGURATION: Release
2025-10-14T10:22:10.7244420Z ##[endgroup]
2025-10-14T10:22:11.5676980Z Command line invocation:
2025-10-14T10:22:11.5680930Z     /Applications/Xcode_15.4.app/Contents/Developer/usr/bin/xcodebuild -list -project NotesApp.xcodeproj
2025-10-14T10:22:11.5681460Z 
2025-10-14T10:22:11.5681670Z User defaults from command line:
2025-10-14T10:22:11.5691840Z     IDEPackageSupportUseBuiltinSCM = YES
2025-10-14T10:22:11.5692180Z 
2025-10-14T10:22:21.8076330Z Information about project "NotesApp":
2025-10-14T10:22:21.8219240Z     Targets:
2025-10-14T10:22:21.8402400Z         NotesApp
2025-10-14T10:22:21.8510160Z 
2025-10-14T10:22:21.8669760Z     Build Configurations:
2025-10-14T10:22:21.8757290Z         Debug
2025-10-14T10:22:21.8885010Z         Release
2025-10-14T10:22:21.9005190Z 
2025-10-14T10:22:21.9064120Z     If no build configuration is specified and -scheme is not passed then "Release" is used.
2025-10-14T10:22:21.9098590Z 
2025-10-14T10:22:21.9102680Z     Schemes:
2025-10-14T10:22:21.9165780Z         NotesApp
2025-10-14T10:22:21.9216200Z 
2025-10-14T10:22:21.9329160Z ##[group]Run set -euo pipefail
2025-10-14T10:22:21.9329530Z [36;1mset -euo pipefail[0m
2025-10-14T10:22:21.9329830Z [36;1mDERIVED_DATA="$RUNNER_TEMP/Derived"[0m
2025-10-14T10:22:21.9330270Z [36;1mmkdir -p "$DERIVED_DATA"[0m
2025-10-14T10:22:21.9330510Z [36;1mxcodebuild \[0m
2025-10-14T10:22:21.9330980Z [36;1m  -project "$PROJECT_PATH" \[0m
2025-10-14T10:22:21.9331310Z [36;1m  -scheme "$SCHEME" \[0m
2025-10-14T10:22:21.9331560Z [36;1m  -configuration "$CONFIGURATION" \[0m
2025-10-14T10:22:21.9331850Z [36;1m  -sdk iphoneos \[0m
2025-10-14T10:22:21.9332160Z [36;1m  -destination "generic/platform=iOS" \[0m
2025-10-14T10:22:21.9332440Z [36;1m  -derivedDataPath "$DERIVED_DATA" \[0m
2025-10-14T10:22:21.9332710Z [36;1m  CODE_SIGNING_ALLOWED=NO \[0m
2025-10-14T10:22:21.9332950Z [36;1m  CODE_SIGNING_REQUIRED=NO \[0m
2025-10-14T10:22:21.9333270Z [36;1m  CODE_SIGNING_STYLE=Manual \[0m
2025-10-14T10:22:21.9333500Z [36;1m  build[0m
2025-10-14T10:22:21.9333790Z [36;1m[0m
2025-10-14T10:22:21.9334190Z [36;1mecho "DERIVED_DATA=$DERIVED_DATA" >> $GITHUB_ENV[0m
2025-10-14T10:22:22.0432200Z shell: /bin/bash -e {0}
2025-10-14T10:22:22.0432530Z env:
2025-10-14T10:22:22.0433940Z   PROJECT_PATH: NotesApp.xcodeproj
2025-10-14T10:22:22.0434200Z   SCHEME: NotesApp
2025-10-14T10:22:22.0434400Z   CONFIGURATION: Release
2025-10-14T10:22:22.0434660Z ##[endgroup]
2025-10-14T10:22:24.2333780Z Command line invocation:
2025-10-14T10:22:24.2351300Z     /Applications/Xcode_15.4.app/Contents/Developer/usr/bin/xcodebuild -project NotesApp.xcodeproj -scheme NotesApp -configuration Release -sdk iphoneos -destination generic/platform=iOS -derivedDataPath /Users/runner/work/_temp/Derived CODE_SIGNING_ALLOWED=NO CODE_SIGNING_REQUIRED=NO CODE_SIGNING_STYLE=Manual build
2025-10-14T10:22:24.2357140Z 
2025-10-14T10:22:24.2357500Z User defaults from command line:
2025-10-14T10:22:24.2357990Z     IDEDerivedDataPathOverride = /Users/runner/work/_temp/Derived
2025-10-14T10:22:24.2392730Z     IDEPackageSupportUseBuiltinSCM = YES
2025-10-14T10:22:24.2502150Z 
2025-10-14T10:22:24.2545880Z Build settings from command line:
2025-10-14T10:22:24.2546390Z     CODE_SIGNING_ALLOWED = NO
2025-10-14T10:22:24.2555580Z     CODE_SIGNING_REQUIRED = NO
2025-10-14T10:22:24.2555850Z     CODE_SIGNING_STYLE = Manual
2025-10-14T10:22:24.2556080Z     SDKROOT = iphoneos17.5
2025-10-14T10:22:24.2556260Z 
2025-10-14T10:22:25.0026600Z Prepare packages
2025-10-14T10:22:25.0149810Z 
2025-10-14T10:22:25.6419330Z ComputeTargetDependencyGraph
2025-10-14T10:22:25.7055400Z note: Building targets in dependency order
2025-10-14T10:22:25.7057070Z note: Target dependency graph (1 target)
2025-10-14T10:22:25.7058070Z     Target 'NotesApp' in project 'NotesApp' (no dependencies)
2025-10-14T10:22:25.7068650Z 
2025-10-14T10:22:25.7070440Z GatherProvisioningInputs
2025-10-14T10:22:25.7071390Z 
2025-10-14T10:22:25.7119510Z CreateBuildDescription
2025-10-14T10:22:25.7361040Z 
2025-10-14T10:22:25.7374050Z ExecuteExternalTool /Applications/Xcode_15.4.app/Contents/Developer/usr/bin/momc --dry-run --action generate --swift-version 5.9 --sdkroot /Applications/Xcode_15.4.app/Contents/Developer/Platforms/iPhoneOS.platform/Developer/SDKs/iPhoneOS17.5.sdk --iphoneos-deployment-target 17.0 --module CodeSnake /Users/runner/work/python-interpretor-codex/python-interpretor-codex/NotesApp/NotesModel.xcdatamodeld /Users/runner/work/_temp/Derived/Build/Intermediates.noindex/NotesApp.build/Release-iphoneos/NotesApp.build/DerivedSources/CoreDataGenerated/NotesModel
2025-10-14T10:22:25.7639750Z 
2025-10-14T10:22:25.7643050Z ExecuteExternalTool /Applications/Xcode_15.4.app/Contents/Developer/Toolchains/XcodeDefault.xctoolchain/usr/bin/clang -v -E -dM -isysroot /Applications/Xcode_15.4.app/Contents/Developer/Platforms/iPhoneOS.platform/Developer/SDKs/iPhoneOS17.5.sdk -x c -c /dev/null
2025-10-14T10:22:26.3576670Z 
2025-10-14T10:22:26.3683540Z ExecuteExternalTool /Applications/Xcode_15.4.app/Contents/Developer/Toolchains/XcodeDefault.xctoolchain/usr/bin/clang -v -E -dM -arch arm64 -isysroot /Applications/Xcode_15.4.app/Contents/Developer/Platforms/iPhoneOS.platform/Developer/SDKs/iPhoneOS17.5.sdk -x c -c /dev/null
2025-10-14T10:22:26.4292920Z 
2025-10-14T10:22:26.4389150Z ExecuteExternalTool /Applications/Xcode_15.4.app/Contents/Developer/usr/bin/actool --print-asset-tag-combinations --output-format xml1 /Users/runner/work/python-interpretor-codex/python-interpretor-codex/NotesApp/Preview Content/Preview Assets.xcassets /Users/runner/work/python-interpretor-codex/python-interpretor-codex/NotesApp/Assets.xcassets
2025-10-14T10:22:29.8752870Z 
2025-10-14T10:22:29.8773380Z ExecuteExternalTool /Applications/Xcode_15.4.app/Contents/Developer/usr/bin/actool --version --output-format xml1
2025-10-14T10:22:29.8980590Z 
2025-10-14T10:22:29.9082110Z ExecuteExternalTool /Applications/Xcode_15.4.app/Contents/Developer/Toolchains/XcodeDefault.xctoolchain/usr/bin/swiftc -v
2025-10-14T10:22:31.2536490Z 
2025-10-14T10:22:31.2800700Z ExecuteExternalTool /Applications/Xcode_15.4.app/Contents/Developer/Toolchains/XcodeDefault.xctoolchain/usr/bin/ld -version_details
2025-10-14T10:22:31.6979850Z 
2025-10-14T10:22:31.7506870Z Build description signature: 19f8b01ea5686f6d14253db56e780893
2025-10-14T10:22:31.7509890Z Build description path: /Users/runner/work/_temp/Derived/Build/Intermediates.noindex/XCBuildData/19f8b01ea5686f6d14253db56e780893.xcbuilddata
2025-10-14T10:22:31.7699670Z ClangStatCache /Applications/Xcode_15.4.app/Contents/Developer/Toolchains/XcodeDefault.xctoolchain/usr/bin/clang-stat-cache /Applications/Xcode_15.4.app/Contents/Developer/Platforms/iPhoneOS.platform/Developer/SDKs/iPhoneOS17.5.sdk /Users/runner/work/_temp/Derived/SDKStatCaches.noindex/iphoneos17.5-21F77-f0fa7969d082b13145125136a829df3a.sdkstatcache
2025-10-14T10:22:31.7801570Z     cd /Users/runner/work/python-interpretor-codex/python-interpretor-codex/NotesApp.xcodeproj
2025-10-14T10:22:31.7911280Z     /Applications/Xcode_15.4.app/Contents/Developer/Toolchains/XcodeDefault.xctoolchain/usr/bin/clang-stat-cache /Applications/Xcode_15.4.app/Contents/Developer/Platforms/iPhoneOS.platform/Developer/SDKs/iPhoneOS17.5.sdk -o /Users/runner/work/_temp/Derived/SDKStatCaches.noindex/iphoneos17.5-21F77-f0fa7969d082b13145125136a829df3a.sdkstatcache
2025-10-14T10:22:35.4256780Z 
2025-10-14T10:22:35.4263400Z CreateBuildDirectory /Users/runner/work/_temp/Derived/Build/Products
2025-10-14T10:22:35.4266970Z     cd /Users/runner/work/python-interpretor-codex/python-interpretor-codex/NotesApp.xcodeproj
2025-10-14T10:22:35.4274640Z     builtin-create-build-directory /Users/runner/work/_temp/Derived/Build/Products
2025-10-14T10:22:35.4275200Z 
2025-10-14T10:22:35.4275440Z CreateBuildDirectory /Users/runner/work/_temp/Derived/Build/Intermediates.noindex
2025-10-14T10:22:35.4276010Z     cd /Users/runner/work/python-interpretor-codex/python-interpretor-codex/NotesApp.xcodeproj
2025-10-14T10:22:35.4279220Z     builtin-create-build-directory /Users/runner/work/_temp/Derived/Build/Intermediates.noindex
2025-10-14T10:22:35.4279580Z 
2025-10-14T10:22:35.4279970Z CreateBuildDirectory /Users/runner/work/_temp/Derived/Build/Intermediates.noindex/EagerLinkingTBDs/Release-iphoneos
2025-10-14T10:22:35.4280640Z     cd /Users/runner/work/python-interpretor-codex/python-interpretor-codex/NotesApp.xcodeproj
2025-10-14T10:22:35.4281270Z     builtin-create-build-directory /Users/runner/work/_temp/Derived/Build/Intermediates.noindex/EagerLinkingTBDs/Release-iphoneos
2025-10-14T10:22:35.4281820Z 
2025-10-14T10:22:35.4282560Z CreateBuildDirectory /Users/runner/work/_temp/Derived/Build/Products/Release-iphoneos
2025-10-14T10:22:35.4286250Z     cd /Users/runner/work/python-interpretor-codex/python-interpretor-codex/NotesApp.xcodeproj
2025-10-14T10:22:35.4286870Z     builtin-create-build-directory /Users/runner/work/_temp/Derived/Build/Products/Release-iphoneos
2025-10-14T10:22:35.4287240Z 
2025-10-14T10:22:35.4287570Z MkDir /Users/runner/work/_temp/Derived/Build/Products/Release-iphoneos/CodeSnake.app (in target 'NotesApp' from project 'NotesApp')
2025-10-14T10:22:35.4308070Z     cd /Users/runner/work/python-interpretor-codex/python-interpretor-codex
2025-10-14T10:22:35.4426360Z     /bin/mkdir -p /Users/runner/work/_temp/Derived/Build/Products/Release-iphoneos/CodeSnake.app
2025-10-14T10:22:35.4426830Z 
2025-10-14T10:22:35.4427450Z WriteAuxiliaryFile /Users/runner/work/_temp/Derived/Build/Intermediates.noindex/NotesApp.build/Release-iphoneos/NotesApp.build/CodeSnake.hmap (in target 'NotesApp' from project 'NotesApp')
2025-10-14T10:22:35.4428280Z     cd /Users/runner/work/python-interpretor-codex/python-interpretor-codex
2025-10-14T10:22:35.4428900Z     write-file /Users/runner/work/_temp/Derived/Build/Intermediates.noindex/NotesApp.build/Release-iphoneos/NotesApp.build/CodeSnake.hmap
2025-10-14T10:22:35.4429370Z 
2025-10-14T10:22:35.4430160Z WriteAuxiliaryFile /Users/runner/work/_temp/Derived/Build/Intermediates.noindex/NotesApp.build/Release-iphoneos/NotesApp.build/all-product-headers.yaml (in target 'NotesApp' from project 'NotesApp')
2025-10-14T10:22:35.4433010Z     cd /Users/runner/work/python-interpretor-codex/python-interpretor-codex
2025-10-14T10:22:35.4435190Z     write-file /Users/runner/work/_temp/Derived/Build/Intermediates.noindex/NotesApp.build/Release-iphoneos/NotesApp.build/all-product-headers.yaml
2025-10-14T10:22:35.4435730Z 
2025-10-14T10:22:35.4436390Z WriteAuxiliaryFile /Users/runner/work/_temp/Derived/Build/Intermediates.noindex/NotesApp.build/Release-iphoneos/NotesApp.build/CodeSnake-project-headers.hmap (in target 'NotesApp' from project 'NotesApp')
2025-10-14T10:22:35.4437700Z     cd /Users/runner/work/python-interpretor-codex/python-interpretor-codex
2025-10-14T10:22:35.4562200Z     write-file /Users/runner/work/_temp/Derived/Build/Intermediates.noindex/NotesApp.build/Release-iphoneos/NotesApp.build/CodeSnake-project-headers.hmap
2025-10-14T10:22:35.4563200Z 
2025-10-14T10:22:35.4563960Z WriteAuxiliaryFile /Users/runner/work/_temp/Derived/Build/Intermediates.noindex/NotesApp.build/Release-iphoneos/NotesApp.build/CodeSnake-own-target-headers.hmap (in target 'NotesApp' from project 'NotesApp')
2025-10-14T10:22:35.4564890Z     cd /Users/runner/work/python-interpretor-codex/python-interpretor-codex
2025-10-14T10:22:35.4565860Z     write-file /Users/runner/work/_temp/Derived/Build/Intermediates.noindex/NotesApp.build/Release-iphoneos/NotesApp.build/CodeSnake-own-target-headers.hmap
2025-10-14T10:22:35.4567820Z 
2025-10-14T10:22:35.4568670Z WriteAuxiliaryFile /Users/runner/work/_temp/Derived/Build/Intermediates.noindex/NotesApp.build/Release-iphoneos/NotesApp.build/CodeSnake-generated-files.hmap (in target 'NotesApp' from project 'NotesApp')
2025-10-14T10:22:35.4572620Z     cd /Users/runner/work/python-interpretor-codex/python-interpretor-codex
2025-10-14T10:22:35.4574720Z     write-file /Users/runner/work/_temp/Derived/Build/Intermediates.noindex/NotesApp.build/Release-iphoneos/NotesApp.build/CodeSnake-generated-files.hmap
2025-10-14T10:22:35.4576100Z 
2025-10-14T10:22:35.4577870Z WriteAuxiliaryFile /Users/runner/work/_temp/Derived/Build/Intermediates.noindex/NotesApp.build/Release-iphoneos/NotesApp.build/CodeSnake-all-target-headers.hmap (in target 'NotesApp' from project 'NotesApp')
2025-10-14T10:22:35.4581600Z     cd /Users/runner/work/python-interpretor-codex/python-interpretor-codex
2025-10-14T10:22:35.4582530Z     write-file /Users/runner/work/_temp/Derived/Build/Intermediates.noindex/NotesApp.build/Release-iphoneos/NotesApp.build/CodeSnake-all-target-headers.hmap
2025-10-14T10:22:35.4583190Z 
2025-10-14T10:22:35.4583960Z WriteAuxiliaryFile /Users/runner/work/_temp/Derived/Build/Intermediates.noindex/NotesApp.build/Release-iphoneos/NotesApp.build/CodeSnake-all-non-framework-target-headers.hmap (in target 'NotesApp' from project 'NotesApp')
2025-10-14T10:22:35.4586780Z     cd /Users/runner/work/python-interpretor-codex/python-interpretor-codex
2025-10-14T10:22:35.4587730Z     write-file /Users/runner/work/_temp/Derived/Build/Intermediates.noindex/NotesApp.build/Release-iphoneos/NotesApp.build/CodeSnake-all-non-framework-target-headers.hmap
2025-10-14T10:22:35.4588410Z 
2025-10-14T10:22:35.4589860Z WriteAuxiliaryFile /Users/runner/work/_temp/Derived/Build/Intermediates.noindex/NotesApp.build/Release-iphoneos/NotesApp.build/Objects-normal/arm64/CodeSnake.LinkFileList (in target 'NotesApp' from project 'NotesApp')
2025-10-14T10:22:35.4590840Z     cd /Users/runner/work/python-interpretor-codex/python-interpretor-codex
2025-10-14T10:22:35.4591560Z     write-file /Users/runner/work/_temp/Derived/Build/Intermediates.noindex/NotesApp.build/Release-iphoneos/NotesApp.build/Objects-normal/arm64/CodeSnake.LinkFileList
2025-10-14T10:22:35.4592210Z 
2025-10-14T10:22:35.4593650Z WriteAuxiliaryFile /Users/runner/work/_temp/Derived/Build/Intermediates.noindex/NotesApp.build/Release-iphoneos/NotesApp.build/empty-CodeSnake.plist (in target 'NotesApp' from project 'NotesApp')
2025-10-14T10:22:35.4599760Z     cd /Users/runner/work/python-interpretor-codex/python-interpretor-codex
2025-10-14T10:22:35.4600420Z     write-file /Users/runner/work/_temp/Derived/Build/Intermediates.noindex/NotesApp.build/Release-iphoneos/NotesApp.build/empty-CodeSnake.plist
2025-10-14T10:22:35.4600930Z 
2025-10-14T10:22:35.4601680Z WriteAuxiliaryFile /Users/runner/work/_temp/Derived/Build/Intermediates.noindex/NotesApp.build/Release-iphoneos/NotesApp.build/Objects-normal/arm64/NotesApp_const_extract_protocols.json (in target 'NotesApp' from project 'NotesApp')
2025-10-14T10:22:35.4604210Z     cd /Users/runner/work/python-interpretor-codex/python-interpretor-codex
2025-10-14T10:22:35.4605280Z     write-file /Users/runner/work/_temp/Derived/Build/Intermediates.noindex/NotesApp.build/Release-iphoneos/NotesApp.build/Objects-normal/arm64/NotesApp_const_extract_protocols.json
2025-10-14T10:22:35.4606290Z 
2025-10-14T10:22:35.4607600Z WriteAuxiliaryFile /Users/runner/work/_temp/Derived/Build/Intermediates.noindex/NotesApp.build/Release-iphoneos/NotesApp.build/Objects-normal/arm64/NotesApp-OutputFileMap.json (in target 'NotesApp' from project 'NotesApp')
2025-10-14T10:22:35.4612420Z     cd /Users/runner/work/python-interpretor-codex/python-interpretor-codex
2025-10-14T10:22:35.4620400Z     write-file /Users/runner/work/_temp/Derived/Build/Intermediates.noindex/NotesApp.build/Release-iphoneos/NotesApp.build/Objects-normal/arm64/NotesApp-OutputFileMap.json
2025-10-14T10:22:35.4625230Z 
2025-10-14T10:22:35.4626900Z WriteAuxiliaryFile /Users/runner/work/_temp/Derived/Build/Intermediates.noindex/NotesApp.build/Release-iphoneos/NotesApp.build/Objects-normal/arm64/CodeSnake.SwiftFileList (in target 'NotesApp' from project 'NotesApp')
2025-10-14T10:22:35.4638370Z     cd /Users/runner/work/python-interpretor-codex/python-interpretor-codex
2025-10-14T10:22:35.4689910Z     write-file /Users/runner/work/_temp/Derived/Build/Intermediates.noindex/NotesApp.build/Release-iphoneos/NotesApp.build/Objects-normal/arm64/CodeSnake.SwiftFileList
2025-10-14T10:22:35.4691390Z 
2025-10-14T10:22:35.4693820Z WriteAuxiliaryFile /Users/runner/work/_temp/Derived/Build/Intermediates.noindex/NotesApp.build/Release-iphoneos/NotesApp.build/Objects-normal/arm64/7187679823f38a2a940e0043cdf9d637-common-args.resp (in target 'NotesApp' from project 'NotesApp')
2025-10-14T10:22:35.4697400Z     cd /Users/runner/work/python-interpretor-codex/python-interpretor-codex
2025-10-14T10:22:35.4705680Z     write-file /Users/runner/work/_temp/Derived/Build/Intermediates.noindex/NotesApp.build/Release-iphoneos/NotesApp.build/Objects-normal/arm64/7187679823f38a2a940e0043cdf9d637-common-args.resp
2025-10-14T10:22:35.4749420Z -target arm64-apple-ios17.0 '-std=gnu17' -fmodules -gmodules '-fmodules-cache-path=/Users/runner/work/_temp/Derived/ModuleCache.noindex' -fpascal-strings -Os -fno-common -isysroot /Applications/Xcode_15.4.app/Contents/Developer/Platforms/iPhoneOS.platform/Developer/SDKs/iPhoneOS17.5.sdk -g '-fvisibility=hidden' -iquote /Users/runner/work/_temp/Derived/Build/Intermediates.noindex/NotesApp.build/Release-iphoneos/NotesApp.build/CodeSnake-generated-files.hmap -I/Users/runner/work/_temp/Derived/Build/Intermediates.noindex/NotesApp.build/Release-iphoneos/NotesApp.build/CodeSnake-own-target-headers.hmap -I/Users/runner/work/_temp/Derived/Build/Intermediates.noindex/NotesApp.build/Release-iphoneos/NotesApp.build/CodeSnake-all-target-headers.hmap -iquote /Users/runner/work/_temp/Derived/Build/Intermediates.noindex/NotesApp.build/Release-iphoneos/NotesApp.build/CodeSnake-project-headers.hmap -I/Users/runner/work/_temp/Derived/Build/Products/Release-iphoneos/include -I/Users/runner/work/_temp/Derived/Build/Intermediates.noindex/NotesApp.build/Release-iphoneos/NotesApp.build/DerivedSources-normal/arm64 -I/Users/runner/work/_temp/Derived/Build/Intermediates.noindex/NotesApp.build/Release-iphoneos/NotesApp.build/DerivedSources/arm64 -I/Users/runner/work/_temp/Derived/Build/Intermediates.noindex/NotesApp.build/Release-iphoneos/NotesApp.build/DerivedSources -F/Users/runner/work/_temp/Derived/Build/Products/Release-iphoneos
2025-10-14T10:22:35.4757440Z 
2025-10-14T10:22:35.4761130Z GenerateAssetSymbols /Users/runner/work/python-interpretor-codex/python-interpretor-codex/NotesApp/Preview\ Content/Preview\ Assets.xcassets /Users/runner/work/python-interpretor-codex/python-interpretor-codex/NotesApp/Assets.xcassets (in target 'NotesApp' from project 'NotesApp')
2025-10-14T10:22:35.4764870Z     cd /Users/runner/work/python-interpretor-codex/python-interpretor-codex
2025-10-14T10:22:35.4773540Z     /Applications/Xcode_15.4.app/Contents/Developer/usr/bin/actool --output-format human-readable-text --notices --warnings --export-dependency-info /Users/runner/work/_temp/Derived/Build/Intermediates.noindex/NotesApp.build/Release-iphoneos/NotesApp.build/assetcatalog_dependencies --output-partial-info-plist /Users/runner/work/_temp/Derived/Build/Intermediates.noindex/NotesApp.build/Release-iphoneos/NotesApp.build/assetcatalog_generated_info.plist --app-icon AppIcon --accent-color AccentColor --compress-pngs --enable-on-demand-resources YES --development-region en --target-device iphone --target-device ipad --minimum-deployment-target 17.0 --platform iphoneos --compile /Users/runner/work/_temp/Derived/Build/Products/Release-iphoneos/CodeSnake.app /Users/runner/work/python-interpretor-codex/python-interpretor-codex/NotesApp/Preview\ Content/Preview\ Assets.xcassets /Users/runner/work/python-interpretor-codex/python-interpretor-codex/NotesApp/Assets.xcassets --bundle-identifier com.venki18.codesnake --generate-swift-asset-symbols /Users/runner/work/_temp/Derived/Build/Intermediates.noindex/NotesApp.build/Release-iphoneos/NotesApp.build/DerivedSources/GeneratedAssetSymbols.swift --generate-objc-asset-symbols /Users/runner/work/_temp/Derived/Build/Intermediates.noindex/NotesApp.build/Release-iphoneos/NotesApp.build/DerivedSources/GeneratedAssetSymbols.h --generate-asset-symbol-index /Users/runner/work/_temp/Derived/Build/Intermediates.noindex/NotesApp.build/Release-iphoneos/NotesApp.build/DerivedSources/GeneratedAssetSymbols-Index.plist
2025-10-14T10:22:35.4791730Z /* com.apple.actool.notices */
2025-10-14T10:22:35.4793660Z : warning: Failed to read file attributes for "/Users/runner/work/python-interpretor-codex/python-interpretor-codex/NotesApp/Preview Content/Preview Assets.xcassets"
2025-10-14T10:22:35.4796920Z     Failure Reason: No such file or directory
2025-10-14T10:22:35.4799280Z /* com.apple.actool.compilation-results */
2025-10-14T10:22:35.4801530Z /Users/runner/work/_temp/Derived/Build/Intermediates.noindex/NotesApp.build/Release-iphoneos/NotesApp.build/DerivedSources/GeneratedAssetSymbols-Index.plist
2025-10-14T10:22:35.4804210Z /Users/runner/work/_temp/Derived/Build/Intermediates.noindex/NotesApp.build/Release-iphoneos/NotesApp.build/DerivedSources/GeneratedAssetSymbols.h
2025-10-14T10:22:35.4807530Z /Users/runner/work/_temp/Derived/Build/Intermediates.noindex/NotesApp.build/Release-iphoneos/NotesApp.build/DerivedSources/GeneratedAssetSymbols.swift
2025-10-14T10:22:35.4809130Z 
2025-10-14T10:22:35.4809140Z 
2025-10-14T10:22:35.4813700Z DataModelCompile /Users/runner/work/_temp/Derived/Build/Products/Release-iphoneos/CodeSnake.app/ /Users/runner/work/python-interpretor-codex/python-interpretor-codex/NotesApp/NotesModel.xcdatamodeld (in target 'NotesApp' from project 'NotesApp')
2025-10-14T10:22:35.4816500Z     cd /Users/runner/work/python-interpretor-codex/python-interpretor-codex
2025-10-14T10:22:35.4821870Z     /Applications/Xcode_15.4.app/Contents/Developer/usr/bin/momc --sdkroot /Applications/Xcode_15.4.app/Contents/Developer/Platforms/iPhoneOS.platform/Developer/SDKs/iPhoneOS17.5.sdk --iphoneos-deployment-target 17.0 --module CodeSnake /Users/runner/work/python-interpretor-codex/python-interpretor-codex/NotesApp/NotesModel.xcdatamodeld /Users/runner/work/_temp/Derived/Build/Products/Release-iphoneos/CodeSnake.app/
2025-10-14T10:22:35.4827960Z NotesModel.xcdatamodel: note: Model NotesModel version checksum: 7rUPITvEDeHyyd95Fx0Q9zLs6ks50KfAuNnktpDWXdw=
2025-10-14T10:22:35.4828470Z 
2025-10-14T10:22:35.4829070Z DataModelCodegen /Users/runner/work/python-interpretor-codex/python-interpretor-codex/NotesApp/NotesModel.xcdatamodeld (in target 'NotesApp' from project 'NotesApp')
2025-10-14T10:22:35.4829890Z     cd /Users/runner/work/python-interpretor-codex/python-interpretor-codex
2025-10-14T10:22:35.4831730Z     /Applications/Xcode_15.4.app/Contents/Developer/usr/bin/momc --action generate --swift-version 5.9 --sdkroot /Applications/Xcode_15.4.app/Contents/Developer/Platforms/iPhoneOS.platform/Developer/SDKs/iPhoneOS17.5.sdk --iphoneos-deployment-target 17.0 --module CodeSnake /Users/runner/work/python-interpretor-codex/python-interpretor-codex/NotesApp/NotesModel.xcdatamodeld /Users/runner/work/_temp/Derived/Build/Intermediates.noindex/NotesApp.build/Release-iphoneos/NotesApp.build/DerivedSources/CoreDataGenerated/NotesModel
2025-10-14T10:22:35.4833410Z 
2025-10-14T10:22:35.4834950Z CompileAssetCatalog /Users/runner/work/_temp/Derived/Build/Products/Release-iphoneos/CodeSnake.app /Users/runner/work/python-interpretor-codex/python-interpretor-codex/NotesApp/Preview\ Content/Preview\ Assets.xcassets /Users/runner/work/python-interpretor-codex/python-interpretor-codex/NotesApp/Assets.xcassets (in target 'NotesApp' from project 'NotesApp')
2025-10-14T10:22:35.4836320Z     cd /Users/runner/work/python-interpretor-codex/python-interpretor-codex
2025-10-14T10:22:35.4839700Z     /Applications/Xcode_15.4.app/Contents/Developer/usr/bin/actool --output-format human-readable-text --notices --warnings --export-dependency-info /Users/runner/work/_temp/Derived/Build/Intermediates.noindex/NotesApp.build/Release-iphoneos/NotesApp.build/assetcatalog_dependencies --output-partial-info-plist /Users/runner/work/_temp/Derived/Build/Intermediates.noindex/NotesApp.build/Release-iphoneos/NotesApp.build/assetcatalog_generated_info.plist --app-icon AppIcon --accent-color AccentColor --compress-pngs --enable-on-demand-resources YES --development-region en --target-device iphone --target-device ipad --minimum-deployment-target 17.0 --platform iphoneos --compile /Users/runner/work/_temp/Derived/Build/Products/Release-iphoneos/CodeSnake.app /Users/runner/work/python-interpretor-codex/python-interpretor-codex/NotesApp/Preview\ Content/Preview\ Assets.xcassets /Users/runner/work/python-interpretor-codex/python-interpretor-codex/NotesApp/Assets.xcassets
2025-10-14T10:22:38.0993910Z /* com.apple.actool.notices */
2025-10-14T10:22:38.1011430Z : warning: Failed to read file attributes for "/Users/runner/work/python-interpretor-codex/python-interpretor-codex/NotesApp/Preview Content/Preview Assets.xcassets"
2025-10-14T10:22:38.1014800Z     Failure Reason: No such file or directory
2025-10-14T10:22:38.1015240Z /* com.apple.actool.compilation-results */
2025-10-14T10:22:38.1015940Z /Users/runner/work/_temp/Derived/Build/Intermediates.noindex/NotesApp.build/Release-iphoneos/NotesApp.build/assetcatalog_generated_info.plist
2025-10-14T10:22:38.1017900Z /Users/runner/work/_temp/Derived/Build/Products/Release-iphoneos/CodeSnake.app/AppIcon60x60@2x.png
2025-10-14T10:22:38.1019170Z /Users/runner/work/_temp/Derived/Build/Products/Release-iphoneos/CodeSnake.app/AppIcon76x76@2x~ipad.png
2025-10-14T10:22:38.1020750Z /Users/runner/work/_temp/Derived/Build/Products/Release-iphoneos/CodeSnake.app/Assets.car
2025-10-14T10:22:38.1021100Z 
2025-10-14T10:22:38.1021100Z 
2025-10-14T10:22:38.1021480Z SwiftDriver NotesApp normal arm64 com.apple.xcode.tools.swift.compiler (in target 'NotesApp' from project 'NotesApp')
2025-10-14T10:22:38.1022070Z     cd /Users/runner/work/python-interpretor-codex/python-interpretor-codex
2025-10-14T10:22:38.1034720Z     builtin-SwiftDriver -- /Applications/Xcode_15.4.app/Contents/Developer/Toolchains/XcodeDefault.xctoolchain/usr/bin/swiftc -module-name CodeSnake -O -whole-module-optimization -enforce-exclusivity\=checked @/Users/runner/work/_temp/Derived/Build/Intermediates.noindex/NotesApp.build/Release-iphoneos/NotesApp.build/Objects-normal/arm64/CodeSnake.SwiftFileList -sdk /Applications/Xcode_15.4.app/Contents/Developer/Platforms/iPhoneOS.platform/Developer/SDKs/iPhoneOS17.5.sdk -target arm64-apple-ios17.0 -enable-bare-slash-regex -g -module-cache-path /Users/runner/work/_temp/Derived/ModuleCache.noindex -Xfrontend -serialize-debugging-options -swift-version 5 -I /Users/runner/work/_temp/Derived/Build/Products/Release-iphoneos -F /Users/runner/work/_temp/Derived/Build/Products/Release-iphoneos -emit-localized-strings -emit-localized-strings-path /Users/runner/work/_temp/Derived/Build/Intermediates.noindex/NotesApp.build/Release-iphoneos/NotesApp.build/Objects-normal/arm64 -c -num-threads 3 -Xcc -ivfsstatcache -Xcc /Users/runner/work/_temp/Derived/SDKStatCaches.noindex/iphoneos17.5-21F77-f0fa7969d082b13145125136a829df3a.sdkstatcache -output-file-map /Users/runner/work/_temp/Derived/Build/Intermediates.noindex/NotesApp.build/Release-iphoneos/NotesApp.build/Objects-normal/arm64/NotesApp-OutputFileMap.json -use-frontend-parseable-output -save-temps -no-color-diagnostics -serialize-diagnostics -emit-dependencies -emit-module -emit-module-path /Users/runner/work/_temp/Derived/Build/Intermediates.noindex/NotesApp.build/Release-iphoneos/NotesApp.build/Objects-normal/arm64/CodeSnake.swiftmodule -validate-clang-modules-once -clang-build-session-file /Users/runner/work/_temp/Derived/ModuleCache.noindex/Session.modulevalidation -Xcc -I/Users/runner/work/_temp/Derived/Build/Intermediates.noindex/NotesApp.build/Release-iphoneos/NotesApp.build/swift-overrides.hmap -emit-const-values -Xfrontend -const-gather-protocols-file -Xfrontend /Users/runner/work/_temp/Derived/Build/Intermediates.noindex/NotesApp.build/Release-iphoneos/NotesApp.build/Objects-normal/arm64/NotesApp_const_extract_protocols.json -Xcc -iquote -Xcc /Users/runner/work/_temp/Derived/Build/Intermediates.noindex/NotesApp.build/Release-iphoneos/NotesApp.build/CodeSnake-generated-files.hmap -Xcc -I/Users/runner/work/_temp/Derived/Build/Intermediates.noindex/NotesApp.build/Release-iphoneos/NotesApp.build/CodeSnake-own-target-headers.hmap -Xcc -I/Users/runner/work/_temp/Derived/Build/Intermediates.noindex/NotesApp.build/Release-iphoneos/NotesApp.build/CodeSnake-all-target-headers.hmap -Xcc -iquote -Xcc /Users/runner/work/_temp/Derived/Build/Intermediates.noindex/NotesApp.build/Release-iphoneos/NotesApp.build/CodeSnake-project-headers.hmap -Xcc -I/Users/runner/work/_temp/Derived/Build/Products/Release-iphoneos/include -Xcc -I/Users/runner/work/_temp/Derived/Build/Intermediates.noindex/NotesApp.build/Release-iphoneos/NotesApp.build/DerivedSources-normal/arm64 -Xcc -I/Users/runner/work/_temp/Derived/Build/Intermediates.noindex/NotesApp.build/Release-iphoneos/NotesApp.build/DerivedSources/arm64 -Xcc -I/Users/runner/work/_temp/Derived/Build/Intermediates.noindex/NotesApp.build/Release-iphoneos/NotesApp.build/DerivedSources -emit-objc-header -emit-objc-header-path /Users/runner/work/_temp/Derived/Build/Intermediates.noindex/NotesApp.build/Release-iphoneos/NotesApp.build/Objects-normal/arm64/CodeSnake-Swift.h -import-objc-header /Users/runner/work/python-interpretor-codex/python-interpretor-codex/NotesApp/Bridging-Header.h -pch-output-dir /Users/runner/work/_temp/Derived/Build/Intermediates.noindex/PrecompiledHeaders -working-directory /Users/runner/work/python-interpretor-codex/python-interpretor-codex -no-emit-module-separately-wmo
2025-10-14T10:22:38.1060960Z 
2025-10-14T10:22:38.1061330Z SwiftDriver\ Compilation NotesApp normal arm64 com.apple.xcode.tools.swift.compiler (in target 'NotesApp' from project 'NotesApp')
2025-10-14T10:22:38.1061990Z     cd /Users/runner/work/python-interpretor-codex/python-interpretor-codex
2025-10-14T10:22:38.1072850Z     builtin-Swift-Compilation -- /Applications/Xcode_15.4.app/Contents/Developer/Toolchains/XcodeDefault.xctoolchain/usr/bin/swiftc -module-name CodeSnake -O -whole-module-optimization -enforce-exclusivity\=checked @/Users/runner/work/_temp/Derived/Build/Intermediates.noindex/NotesApp.build/Release-iphoneos/NotesApp.build/Objects-normal/arm64/CodeSnake.SwiftFileList -sdk /Applications/Xcode_15.4.app/Contents/Developer/Platforms/iPhoneOS.platform/Developer/SDKs/iPhoneOS17.5.sdk -target arm64-apple-ios17.0 -enable-bare-slash-regex -g -module-cache-path /Users/runner/work/_temp/Derived/ModuleCache.noindex -Xfrontend -serialize-debugging-options -swift-version 5 -I /Users/runner/work/_temp/Derived/Build/Products/Release-iphoneos -F /Users/runner/work/_temp/Derived/Build/Products/Release-iphoneos -emit-localized-strings -emit-localized-strings-path /Users/runner/work/_temp/Derived/Build/Intermediates.noindex/NotesApp.build/Release-iphoneos/NotesApp.build/Objects-normal/arm64 -c -num-threads 3 -Xcc -ivfsstatcache -Xcc /Users/runner/work/_temp/Derived/SDKStatCaches.noindex/iphoneos17.5-21F77-f0fa7969d082b13145125136a829df3a.sdkstatcache -output-file-map /Users/runner/work/_temp/Derived/Build/Intermediates.noindex/NotesApp.build/Release-iphoneos/NotesApp.build/Objects-normal/arm64/NotesApp-OutputFileMap.json -use-frontend-parseable-output -save-temps -no-color-diagnostics -serialize-diagnostics -emit-dependencies -emit-module -emit-module-path /Users/runner/work/_temp/Derived/Build/Intermediates.noindex/NotesApp.build/Release-iphoneos/NotesApp.build/Objects-normal/arm64/CodeSnake.swiftmodule -validate-clang-modules-once -clang-build-session-file /Users/runner/work/_temp/Derived/ModuleCache.noindex/Session.modulevalidation -Xcc -I/Users/runner/work/_temp/Derived/Build/Intermediates.noindex/NotesApp.build/Release-iphoneos/NotesApp.build/swift-overrides.hmap -emit-const-values -Xfrontend -const-gather-protocols-file -Xfrontend /Users/runner/work/_temp/Derived/Build/Intermediates.noindex/NotesApp.build/Release-iphoneos/NotesApp.build/Objects-normal/arm64/NotesApp_const_extract_protocols.json -Xcc -iquote -Xcc /Users/runner/work/_temp/Derived/Build/Intermediates.noindex/NotesApp.build/Release-iphoneos/NotesApp.build/CodeSnake-generated-files.hmap -Xcc -I/Users/runner/work/_temp/Derived/Build/Intermediates.noindex/NotesApp.build/Release-iphoneos/NotesApp.build/CodeSnake-own-target-headers.hmap -Xcc -I/Users/runner/work/_temp/Derived/Build/Intermediates.noindex/NotesApp.build/Release-iphoneos/NotesApp.build/CodeSnake-all-target-headers.hmap -Xcc -iquote -Xcc /Users/runner/work/_temp/Derived/Build/Intermediates.noindex/NotesApp.build/Release-iphoneos/NotesApp.build/CodeSnake-project-headers.hmap -Xcc -I/Users/runner/work/_temp/Derived/Build/Products/Release-iphoneos/include -Xcc -I/Users/runner/work/_temp/Derived/Build/Intermediates.noindex/NotesApp.build/Release-iphoneos/NotesApp.build/DerivedSources-normal/arm64 -Xcc -I/Users/runner/work/_temp/Derived/Build/Intermediates.noindex/NotesApp.build/Release-iphoneos/NotesApp.build/DerivedSources/arm64 -Xcc -I/Users/runner/work/_temp/Derived/Build/Intermediates.noindex/NotesApp.build/Release-iphoneos/NotesApp.build/DerivedSources -emit-objc-header -emit-objc-header-path /Users/runner/work/_temp/Derived/Build/Intermediates.noindex/NotesApp.build/Release-iphoneos/NotesApp.build/Objects-normal/arm64/CodeSnake-Swift.h -import-objc-header /Users/runner/work/python-interpretor-codex/python-interpretor-codex/NotesApp/Bridging-Header.h -pch-output-dir /Users/runner/work/_temp/Derived/Build/Intermediates.noindex/PrecompiledHeaders -working-directory /Users/runner/work/python-interpretor-codex/python-interpretor-codex -no-emit-module-separately-wmo
2025-10-14T10:22:38.1084240Z 
2025-10-14T10:22:38.1084700Z SwiftGeneratePch normal arm64 Compiling\ bridging\ header (in target 'NotesApp' from project 'NotesApp')
2025-10-14T10:22:38.1085220Z     cd /Users/runner/work/python-interpretor-codex/python-interpretor-codex
2025-10-14T10:22:38.1109330Z     builtin-swiftTaskExecution -- /Applications/Xcode_15.4.app/Contents/Developer/Toolchains/XcodeDefault.xctoolchain/usr/bin/swift-frontend -frontend -target arm64-apple-ios17.0 -Xllvm -aarch64-use-tbi -enable-objc-interop -stack-check -sdk /Applications/Xcode_15.4.app/Contents/Developer/Platforms/iPhoneOS.platform/Developer/SDKs/iPhoneOS17.5.sdk -I /Users/runner/work/_temp/Derived/Build/Products/Release-iphoneos -F /Users/runner/work/_temp/Derived/Build/Products/Release-iphoneos -no-color-diagnostics -g -module-cache-path /Users/runner/work/_temp/Derived/ModuleCache.noindex -swift-version 5 -enforce-exclusivity\=checked -O -serialize-debugging-options -const-gather-protocols-file /Users/runner/work/_temp/Derived/Build/Intermediates.noindex/NotesApp.build/Release-iphoneos/NotesApp.build/Objects-normal/arm64/NotesApp_const_extract_protocols.json -enable-bare-slash-regex -empty-abi-descriptor -validate-clang-modules-once -clang-build-session-file /Users/runner/work/_temp/Derived/ModuleCache.noindex/Session.modulevalidation -Xcc -working-directory -Xcc /Users/runner/work/python-interpretor-codex/python-interpretor-codex -resource-dir /Applications/Xcode_15.4.app/Contents/Developer/Toolchains/XcodeDefault.xctoolchain/usr/lib/swift -Xcc -ivfsstatcache -Xcc /Users/runner/work/_temp/Derived/SDKStatCaches.noindex/iphoneos17.5-21F77-f0fa7969d082b13145125136a829df3a.sdkstatcache -Xcc -I/Users/runner/work/_temp/Derived/Build/Intermediates.noindex/NotesApp.build/Release-iphoneos/NotesApp.build/swift-overrides.hmap -Xcc -iquote -Xcc /Users/runner/work/_temp/Derived/Build/Intermediates.noindex/NotesApp.build/Release-iphoneos/NotesApp.build/CodeSnake-generated-files.hmap -Xcc -I/Users/runner/work/_temp/Derived/Build/Intermediates.noindex/NotesApp.build/Release-iphoneos/NotesApp.build/CodeSnake-own-target-headers.hmap -Xcc -I/Users/runner/work/_temp/Derived/Build/Intermediates.noindex/NotesApp.build/Release-iphoneos/NotesApp.build/CodeSnake-all-target-headers.hmap -Xcc -iquote -Xcc /Users/runner/work/_temp/Derived/Build/Intermediates.noindex/NotesApp.build/Release-iphoneos/NotesApp.build/CodeSnake-project-headers.hmap -Xcc -I/Users/runner/work/_temp/Derived/Build/Products/Release-iphoneos/include -Xcc -I/Users/runner/work/_temp/Derived/Build/Intermediates.noindex/NotesApp.build/Release-iphoneos/NotesApp.build/DerivedSources-normal/arm64 -Xcc -I/Users/runner/work/_temp/Derived/Build/Intermediates.noindex/NotesApp.build/Release-iphoneos/NotesApp.build/DerivedSources/arm64 -Xcc -I/Users/runner/work/_temp/Derived/Build/Intermediates.noindex/NotesApp.build/Release-iphoneos/NotesApp.build/DerivedSources -import-objc-header /Users/runner/work/python-interpretor-codex/python-interpretor-codex/NotesApp/Bridging-Header.h -module-name CodeSnake -disable-clang-spi -target-sdk-version 17.5 -target-sdk-name iphoneos17.5 -external-plugin-path /Applications/Xcode_15.4.app/Contents/Developer/Platforms/iPhoneOS.platform/Developer/SDKs/iPhoneOS17.5.sdk/usr/lib/swift/host/plugins\#/Applications/Xcode_15.4.app/Contents/Developer/Platforms/iPhoneOS.platform/Developer/SDKs/iPhoneOS17.5.sdk/usr/bin/swift-plugin-server -external-plugin-path /Applications/Xcode_15.4.app/Contents/Developer/Platforms/iPhoneOS.platform/Developer/SDKs/iPhoneOS17.5.sdk/usr/local/lib/swift/host/plugins\#/Applications/Xcode_15.4.app/Contents/Developer/Platforms/iPhoneOS.platform/Developer/SDKs/iPhoneOS17.5.sdk/usr/bin/swift-plugin-server -external-plugin-path /Applications/Xcode_15.4.app/Contents/Developer/Platforms/iPhoneOS.platform/Developer/usr/lib/swift/host/plugins\#/Applications/Xcode_15.4.app/Contents/Developer/Platforms/iPhoneOS.platform/Developer/usr/bin/swift-plugin-server -external-plugin-path /Applications/Xcode_15.4.app/Contents/Developer/Platforms/iPhoneOS.platform/Developer/usr/local/lib/swift/host/plugins\#/Applications/Xcode_15.4.app/Contents/Developer/Platforms/iPhoneOS.platform/Developer/usr/bin/swift-plugin-server -plugin-path /Applications/Xcode_15.4.app/Contents/Developer/Toolchains/XcodeDefault.xctoolchain/usr/lib/swift/host/plugins -plugin-path /Applications/Xcode_15.4.app/Contents/Developer/Toolchains/XcodeDefault.xctoolchain/usr/local/lib/swift/host/plugins -emit-pch -serialize-diagnostics-path /Users/runner/work/_temp/Derived/Build/Intermediates.noindex/PrecompiledHeaders/Bridging-Header-otgc5w4hiyuk.dia -pch-output-dir /Users/runner/work/_temp/Derived/Build/Intermediates.noindex/PrecompiledHeaders /Users/runner/work/python-interpretor-codex/python-interpretor-codex/NotesApp/Bridging-Header.h
2025-10-14T10:22:38.1166250Z 
2025-10-14T10:22:38.1166580Z SwiftDriverJobDiscovery normal arm64 Compiling bridging header (in target 'NotesApp' from project 'NotesApp')
2025-10-14T10:22:38.1167570Z 
2025-10-14T10:22:38.1185540Z SwiftCompile normal arm64 Compiling\ PersistenceController.swift,\ NotesListView.swift,\ NoteDetailView.swift,\ NotesAppApp.swift,\ PythonExecutor.swift,\ PythonInterpreterView.swift,\ CPythonExecutor.swift,\ CodeEditorView.swift,\ SyntaxHighlighter.swift,\ Snippets.swift,\ TodayView.swift,\ HistoryView.swift,\ SettingsView.swift,\ HydrationHelpers.swift,\ NotificationManager.swift,\ Theme.swift,\ Toast.swift,\ CelebrationOverlay.swift,\ ScreenshotMode.swift,\ ErrorLogger.swift,\ CrashHandler.swift,\ ErrorLogView.swift,\ Logger.swift,\ HydrationEntry+CoreDataClass.swift,\ HydrationEntry+CoreDataProperties.swift,\ UserSettings+CoreDataClass.swift,\ UserSettings+CoreDataProperties.swift,\ NotesModel+CoreDataModel.swift,\ GeneratedAssetSymbols.swift /Users/runner/work/python-interpretor-codex/python-interpretor-codex/NotesApp/PersistenceController.swift /Users/runner/work/python-interpretor-codex/python-interpretor-codex/NotesApp/NotesListView.swift /Users/runner/work/python-interpretor-codex/python-interpretor-codex/NotesApp/NoteDetailView.swift /Users/runner/work/python-interpretor-codex/python-interpretor-codex/NotesApp/NotesAppApp.swift /Users/runner/work/python-interpretor-codex/python-interpretor-codex/NotesApp/PythonExecutor.swift /Users/runner/work/python-interpretor-codex/python-interpretor-codex/NotesApp/PythonInterpreterView.swift /Users/runner/work/python-interpretor-codex/python-interpretor-codex/NotesApp/CPythonExecutor.swift /Users/runner/work/python-interpretor-codex/python-interpretor-codex/NotesApp/CodeEditorView.swift /Users/runner/work/python-interpretor-codex/python-interpretor-codex/NotesApp/SyntaxHighlighter.swift /Users/runner/work/python-interpretor-codex/python-interpretor-codex/NotesApp/Snippets.swift /Users/runner/work/python-interpretor-codex/python-interpretor-codex/NotesApp/TodayView.swift /Users/runner/work/python-interpretor-codex/python-interpretor-codex/NotesApp/HistoryView.swift /Users/runner/work/python-interpretor-codex/python-interpretor-codex/NotesApp/SettingsView.swift /Users/runner/work/python-interpretor-codex/python-interpretor-codex/NotesApp/HydrationHelpers.swift /Users/runner/work/python-interpretor-codex/python-interpretor-codex/NotesApp/NotificationManager.swift /Users/runner/work/python-interpretor-codex/python-interpretor-codex/NotesApp/Theme.swift /Users/runner/work/python-interpretor-codex/python-interpretor-codex/NotesApp/Toast.swift /Users/runner/work/python-interpretor-codex/python-interpretor-codex/NotesApp/CelebrationOverlay.swift /Users/runner/work/python-interpretor-codex/python-interpretor-codex/NotesApp/ScreenshotMode.swift /Users/runner/work/python-interpretor-codex/python-interpretor-codex/NotesApp/ErrorLogger.swift /Users/runner/work/python-interpretor-codex/python-interpretor-codex/NotesApp/CrashHandler.swift /Users/runner/work/python-interpretor-codex/python-interpretor-codex/NotesApp/ErrorLogView.swift /Users/runner/work/python-interpretor-codex/python-interpretor-codex/NotesApp/Logger.swift /Users/runner/work/_temp/Derived/Build/Intermediates.noindex/NotesApp.build/Release-iphoneos/NotesApp.build/DerivedSources/CoreDataGenerated/NotesModel/HydrationEntry+CoreDataClass.swift /Users/runner/work/_temp/Derived/Build/Intermediates.noindex/NotesApp.build/Release-iphoneos/NotesApp.build/DerivedSources/CoreDataGenerated/NotesModel/HydrationEntry+CoreDataProperties.swift /Users/runner/work/_temp/Derived/Build/Intermediates.noindex/NotesApp.build/Release-iphoneos/NotesApp.build/DerivedSources/CoreDataGenerated/NotesModel/UserSettings+CoreDataClass.swift /Users/runner/work/_temp/Derived/Build/Intermediates.noindex/NotesApp.build/Release-iphoneos/NotesApp.build/DerivedSources/CoreDataGenerated/NotesModel/UserSettings+CoreDataProperties.swift /Users/runner/work/_temp/Derived/Build/Intermediates.noindex/NotesApp.build/Release-iphoneos/NotesApp.build/DerivedSources/CoreDataGenerated/NotesModel/NotesModel+CoreDataModel.swift /Users/runner/work/_temp/Derived/Build/Intermediates.noindex/NotesApp.build/Release-iphoneos/NotesApp.build/DerivedSources/GeneratedAssetSymbols.swift /Users/runner/work/_temp/Derived/Build/Intermediates.noindex/PrecompiledHeaders/Bridging-Header.pch (in target 'NotesApp' from project 'NotesApp')
2025-10-14T10:22:38.1204180Z     cd /Users/runner/work/python-interpretor-codex/python-interpretor-codex
2025-10-14T10:22:38.1309380Z     builtin-swiftTaskExecution -- /Applications/Xcode_15.4.app/Contents/Developer/Toolchains/XcodeDefault.xctoolchain/usr/bin/swift-frontend -frontend -c /Users/runner/work/python-interpretor-codex/python-interpretor-codex/NotesApp/PersistenceController.swift /Users/runner/work/python-interpretor-codex/python-interpretor-codex/NotesApp/NotesListView.swift /Users/runner/work/python-interpretor-codex/python-interpretor-codex/NotesApp/NoteDetailView.swift /Users/runner/work/python-interpretor-codex/python-interpretor-codex/NotesApp/NotesAppApp.swift /Users/runner/work/python-interpretor-codex/python-interpretor-codex/NotesApp/PythonExecutor.swift /Users/runner/work/python-interpretor-codex/python-interpretor-codex/NotesApp/PythonInterpreterView.swift /Users/runner/work/python-interpretor-codex/python-interpretor-codex/NotesApp/CPythonExecutor.swift /Users/runner/work/python-interpretor-codex/python-interpretor-codex/NotesApp/CodeEditorView.swift /Users/runner/work/python-interpretor-codex/python-interpretor-codex/NotesApp/SyntaxHighlighter.swift /Users/runner/work/python-interpretor-codex/python-interpretor-codex/NotesApp/Snippets.swift /Users/runner/work/python-interpretor-codex/python-interpretor-codex/NotesApp/TodayView.swift /Users/runner/work/python-interpretor-codex/python-interpretor-codex/NotesApp/HistoryView.swift /Users/runner/work/python-interpretor-codex/python-interpretor-codex/NotesApp/SettingsView.swift /Users/runner/work/python-interpretor-codex/python-interpretor-codex/NotesApp/HydrationHelpers.swift /Users/runner/work/python-interpretor-codex/python-interpretor-codex/NotesApp/NotificationManager.swift /Users/runner/work/python-interpretor-codex/python-interpretor-codex/NotesApp/Theme.swift /Users/runner/work/python-interpretor-codex/python-interpretor-codex/NotesApp/Toast.swift /Users/runner/work/python-interpretor-codex/python-interpretor-codex/NotesApp/CelebrationOverlay.swift /Users/runner/work/python-interpretor-codex/python-interpretor-codex/NotesApp/ScreenshotMode.swift /Users/runner/work/python-interpretor-codex/python-interpretor-codex/NotesApp/ErrorLogger.swift /Users/runner/work/python-interpretor-codex/python-interpretor-codex/NotesApp/CrashHandler.swift /Users/runner/work/python-interpretor-codex/python-interpretor-codex/NotesApp/ErrorLogView.swift /Users/runner/work/python-interpretor-codex/python-interpretor-codex/NotesApp/Logger.swift /Users/runner/work/_temp/Derived/Build/Intermediates.noindex/NotesApp.build/Release-iphoneos/NotesApp.build/DerivedSources/CoreDataGenerated/NotesModel/HydrationEntry+CoreDataClass.swift /Users/runner/work/_temp/Derived/Build/Intermediates.noindex/NotesApp.build/Release-iphoneos/NotesApp.build/DerivedSources/CoreDataGenerated/NotesModel/HydrationEntry+CoreDataProperties.swift /Users/runner/work/_temp/Derived/Build/Intermediates.noindex/NotesApp.build/Release-iphoneos/NotesApp.build/DerivedSources/CoreDataGenerated/NotesModel/UserSettings+CoreDataClass.swift /Users/runner/work/_temp/Derived/Build/Intermediates.noindex/NotesApp.build/Release-iphoneos/NotesApp.build/DerivedSources/CoreDataGenerated/NotesModel/UserSettings+CoreDataProperties.swift /Users/runner/work/_temp/Derived/Build/Intermediates.noindex/NotesApp.build/Release-iphoneos/NotesApp.build/DerivedSources/CoreDataGenerated/NotesModel/NotesModel+CoreDataModel.swift /Users/runner/work/_temp/Derived/Build/Intermediates.noindex/NotesApp.build/Release-iphoneos/NotesApp.build/DerivedSources/GeneratedAssetSymbols.swift -supplementary-output-file-map /Users/runner/work/_temp/Derived/Build/Intermediates.noindex/NotesApp.build/Release-iphoneos/NotesApp.build/Objects-normal/arm64/supplementaryOutputs-1 -emit-localized-strings -emit-localized-strings-path /Users/runner/work/_temp/Derived/Build/Intermediates.noindex/NotesApp.build/Release-iphoneos/NotesApp.build/Objects-normal/arm64 -target arm64-apple-ios17.0 -Xllvm -aarch64-use-tbi -enable-objc-interop -stack-check -sdk /Applications/Xcode_15.4.app/Contents/Developer/Platforms/iPhoneOS.platform/Developer/SDKs/iPhoneOS17.5.sdk -I /Users/runner/work/_temp/Derived/Build/Products/Release-iphoneos -F /Users/runner/work/_temp/Derived/Build/Products/Release-iphoneos -no-color-diagnostics -g -module-cache-path /Users/runner/work/_temp/Derived/ModuleCache.noindex -swift-version 5 -enforce-exclusivity\=checked -O -serialize-debugging-options -const-gather-protocols-file /Users/runner/work/_temp/Derived/Build/Intermediates.noindex/NotesApp.build/Release-iphoneos/NotesApp.build/Objects-normal/arm64/NotesApp_const_extract_protocols.json -enable-bare-slash-regex -empty-abi-descriptor -validate-clang-modules-once -clang-build-session-file /Users/runner/work/_temp/Derived/ModuleCache.noindex/Session.modulevalidation -Xcc -working-directory -Xcc /Users/runner/work/python-interpretor-codex/python-interpretor-codex -resource-dir /Applications/Xcode_15.4.app/Contents/Developer/Toolchains/XcodeDefault.xctoolchain/usr/lib/swift -Xcc -ivfsstatcache -Xcc /Users/runner/work/_temp/Derived/SDKStatCaches.noindex/iphoneos17.5-21F77-f0fa7969d082b13145125136a829df3a.sdkstatcache -Xcc -I/Users/runner/work/_temp/Derived/Build/Intermediates.noindex/NotesApp.build/Release-iphoneos/NotesApp.build/swift-overrides.hmap -Xcc -iquote -Xcc /Users/runner/work/_temp/Derived/Build/Intermediates.noindex/NotesApp.build/Release-iphoneos/NotesApp.build/CodeSnake-generated-files.hmap -Xcc -I/Users/runner/work/_temp/Derived/Build/Intermediates.noindex/NotesApp.build/Release-iphoneos/NotesApp.build/CodeSnake-own-target-headers.hmap -Xcc -I/Users/runner/work/_temp/Derived/Build/Intermediates.noindex/NotesApp.build/Release-iphoneos/NotesApp.build/CodeSnake-all-target-headers.hmap -Xcc -iquote -Xcc /Users/runner/work/_temp/Derived/Build/Intermediates.noindex/NotesApp.build/Release-iphoneos/NotesApp.build/CodeSnake-project-headers.hmap -Xcc -I/Users/runner/work/_temp/Derived/Build/Products/Release-iphoneos/include -Xcc -I/Users/runner/work/_temp/Derived/Build/Intermediates.noindex/NotesApp.build/Release-iphoneos/NotesApp.build/DerivedSources-normal/arm64 -Xcc -I/Users/runner/work/_temp/Derived/Build/Intermediates.noindex/NotesApp.build/Release-iphoneos/NotesApp.build/DerivedSources/arm64 -Xcc -I/Users/runner/work/_temp/Derived/Build/Intermediates.noindex/NotesApp.build/Release-iphoneos/NotesApp.build/DerivedSources -import-objc-header /Users/runner/work/python-interpretor-codex/python-interpretor-codex/NotesApp/Bridging-Header.h -pch-output-dir /Users/runner/work/_temp/Derived/Build/Intermediates.noindex/PrecompiledHeaders -module-name CodeSnake -frontend-parseable-output -disable-clang-spi -target-sdk-version 17.5 -target-sdk-name iphoneos17.5 -external-plugin-path /Applications/Xcode_15.4.app/Contents/Developer/Platforms/iPhoneOS.platform/Developer/SDKs/iPhoneOS17.5.sdk/usr/lib/swift/host/plugins\#/Applications/Xcode_15.4.app/Contents/Developer/Platforms/iPhoneOS.platform/Developer/SDKs/iPhoneOS17.5.sdk/usr/bin/swift-plugin-server -external-plugin-path /Applications/Xcode_15.4.app/Contents/Developer/Platforms/iPhoneOS.platform/Developer/SDKs/iPhoneOS17.5.sdk/usr/local/lib/swift/host/plugins\#/Applications/Xcode_15.4.app/Contents/Developer/Platforms/iPhoneOS.platform/Developer/SDKs/iPhoneOS17.5.sdk/usr/bin/swift-plugin-server -external-plugin-path /Applications/Xcode_15.4.app/Contents/Developer/Platforms/iPhoneOS.platform/Developer/usr/lib/swift/host/plugins\#/Applications/Xcode_15.4.app/Contents/Developer/Platforms/iPhoneOS.platform/Developer/usr/bin/swift-plugin-server -external-plugin-path /Applications/Xcode_15.4.app/Contents/Developer/Platforms/iPhoneOS.platform/Developer/usr/local/lib/swift/host/plugins\#/Applications/Xcode_15.4.app/Contents/Developer/Platforms/iPhoneOS.platform/Developer/usr/bin/swift-plugin-server -plugin-path /Applications/Xcode_15.4.app/Contents/Developer/Toolchains/XcodeDefault.xctoolchain/usr/lib/swift/host/plugins -plugin-path /Applications/Xcode_15.4.app/Contents/Developer/Toolchains/XcodeDefault.xctoolchain/usr/local/lib/swift/host/plugins -enable-default-cmo -num-threads 3 -o /Users/runner/work/_temp/Derived/Build/Intermediates.noindex/NotesApp.build/Release-iphoneos/NotesApp.build/Objects-normal/arm64/PersistenceController.o -o /Users/runner/work/_temp/Derived/Build/Intermediates.noindex/NotesApp.build/Release-iphoneos/NotesApp.build/Objects-normal/arm64/NotesListView.o -o /Users/runner/work/_temp/Derived/Build/Intermediates.noindex/NotesApp.build/Release-iphoneos/NotesApp.build/Objects-normal/arm64/NoteDetailView.o -o /Users/runner/work/_temp/Derived/Build/Intermediates.noindex/NotesApp.build/Release-iphoneos/NotesApp.build/Objects-normal/arm64/NotesAppApp.o -o /Users/runner/work/_temp/Derived/Build/Intermediates.noindex/NotesApp.build/Release-iphoneos/NotesApp.build/Objects-normal/arm64/PythonExecutor.o -o /Users/runner/work/_temp/Derived/Build/Intermediates.noindex/NotesApp.build/Release-iphoneos/NotesApp.build/Objects-normal/arm64/PythonInterpreterView.o -o /Users/runner/work/_temp/Derived/Build/Intermediates.noindex/NotesApp.build/Release-iphoneos/NotesApp.build/Objects-normal/arm64/CPythonExecutor.o -o /Users/runner/work/_temp/Derived/Build/Intermediates.noindex/NotesApp.build/Release-iphoneos/NotesApp.build/Objects-normal/arm64/CodeEditorView.o -o /Users/runner/work/_temp/Derived/Build/Intermediates.noindex/NotesApp.build/Release-iphoneos/NotesApp.build/Objects-normal/arm64/SyntaxHighlighter.o -o /Users/runner/work/_temp/Derived/Build/Intermediates.noindex/NotesApp.build/Release-iphoneos/NotesApp.build/Objects-normal/arm64/Snippets.o -o /Users/runner/work/_temp/Derived/Build/Intermediates.noindex/NotesApp.build/Release-iphoneos/NotesApp.build/Objects-normal/arm64/TodayView.o -o /Users/runner/work/_temp/Derived/Build/Intermediates.noindex/NotesApp.build/Release-iphoneos/NotesApp.build/Objects-normal/arm64/HistoryView.o -o /Users/runner/work/_temp/Derived/Build/Intermediates.noindex/NotesApp.build/Release-iphoneos/NotesApp.build/Objects-normal/arm64/SettingsView.o -o /Users/runner/work/_temp/Derived/Build/Intermediates.noindex/NotesApp.build/Release-iphoneos/NotesApp.build/Objects-normal/arm64/HydrationHelpers.o -o /Users/runner/work/_temp/Derived/Build/Intermediates.noindex/NotesApp.build/Release-iphoneos/NotesApp.build/Objects-normal/arm64/NotificationManager.o -o /Users/runner/work/_temp/Derived/Build/Intermediates.noindex/NotesApp.build/Release-iphoneos/NotesApp.build/Objects-normal/arm64/Theme.o -o /Users/runner/work/_temp/Derived/Build/Intermediates.noindex/NotesApp.build/Release-iphoneos/NotesApp.build/Objects-normal/arm64/Toast.o -o /Users/runner/work/_temp/Derived/Build/Intermediates.noindex/NotesApp.build/Release-iphoneos/NotesApp.build/Objects-normal/arm64/CelebrationOverlay.o -o /Users/runner/work/_temp/Derived/Build/Intermediates.noindex/NotesApp.build/Release-iphoneos/NotesApp.build/Objects-normal/arm64/ScreenshotMode.o -o /Users/runner/work/_temp/Derived/Build/Intermediates.noindex/NotesApp.build/Release-iphoneos/NotesApp.build/Objects-normal/arm64/ErrorLogger.o -o /Users/runner/work/_temp/Derived/Build/Intermediates.noindex/NotesApp.build/Release-iphoneos/NotesApp.build/Objects-normal/arm64/CrashHandler.o -o /Users/runner/work/_temp/Derived/Build/Intermediates.noindex/NotesApp.build/Release-iphoneos/NotesApp.build/Objects-normal/arm64/ErrorLogView.o -o /Users/runner/work/_temp/Derived/Build/Intermediates.noindex/NotesApp.build/Release-iphoneos/NotesApp.build/Objects-normal/arm64/Logger.o -o /Users/runner/work/_temp/Derived/Build/Intermediates.noindex/NotesApp.build/Release-iphoneos/NotesApp.build/Objects-normal/arm64/HydrationEntry+CoreDataClass.o -o /Users/runner/work/_temp/Derived/Build/Intermediates.noindex/NotesApp.build/Release-iphoneos/NotesApp.build/Objects-normal/arm64/HydrationEntry+CoreDataProperties.o -o /Users/runner/work/_temp/Derived/Build/Intermediates.noindex/NotesApp.build/Release-iphoneos/NotesApp.build/Objects-normal/arm64/UserSettings+CoreDataClass.o -o /Users/runner/work/_temp/Derived/Build/Intermediates.noindex/NotesApp.build/Release-iphoneos/NotesApp.build/Objects-normal/arm64/UserSettings+CoreDataProperties.o -o /Users/runner/work/_temp/Derived/Build/Intermediates.noindex/NotesApp.build/Release-iphoneos/NotesApp.build/Objects-normal/arm64/NotesModel+CoreDataModel.o -o /Users/runner/work/_temp/Derived/Build/Intermediates.noindex/NotesApp.build/Release-iphoneos/NotesApp.build/Objects-normal/arm64/GeneratedAssetSymbols.o -index-unit-output-path /NotesApp.build/Release-iphoneos/NotesApp.build/Objects-normal/arm64/PersistenceController.o -index-unit-output-path /NotesApp.build/Release-iphoneos/NotesApp.build/Objects-normal/arm64/NotesListView.o -index-unit-output-path /NotesApp.build/Release-iphoneos/NotesApp.build/Objects-normal/arm64/NoteDetailView.o -index-unit-output-path /NotesApp.build/Release-iphoneos/NotesApp.build/Objects-normal/arm64/NotesAppApp.o -index-unit-output-path /NotesApp.build/Release-iphoneos/NotesApp.build/Objects-normal/arm64/PythonExecutor.o -index-unit-output-path /NotesApp.build/Release-iphoneos/NotesApp.build/Objects-normal/arm64/PythonInterpreterView.o -index-unit-output-path /NotesApp.build/Release-iphoneos/NotesApp.build/Objects-normal/arm64/CPythonExecutor.o -index-unit-output-path /NotesApp.build/Release-iphoneos/NotesApp.build/Objects-normal/arm64/CodeEditorView.o -index-unit-output-path /NotesApp.build/Release-iphoneos/NotesApp.build/Objects-normal/arm64/SyntaxHighlighter.o -index-unit-output-path /NotesApp.build/Release-iphoneos/NotesApp.build/Objects-normal/arm64/Snippets.o -index-unit-output-path /NotesApp.build/Release-iphoneos/NotesApp.build/Objects-normal/arm64/TodayView.o -index-unit-output-path /NotesApp.build/Release-iphoneos/NotesApp.build/Objects-normal/arm64/HistoryView.o -index-unit-output-path /NotesApp.build/Release-iphoneos/NotesApp.build/Objects-normal/arm64/SettingsView.o -index-unit-output-path /NotesApp.build/Release-iphoneos/NotesApp.build/Objects-normal/arm64/HydrationHelpers.o -index-unit-output-path /NotesApp.build/Release-iphoneos/NotesApp.build/Objects-normal/arm64/NotificationManager.o -index-unit-output-path /NotesApp.build/Release-iphoneos/NotesApp.build/Objects-normal/arm64/Theme.o -index-unit-output-path /NotesApp.build/Release-iphoneos/NotesApp.build/Objects-normal/arm64/Toast.o -index-unit-output-path /NotesApp.build/Release-iphoneos/NotesApp.build/Objects-normal/arm64/CelebrationOverlay.o -index-unit-output-path /NotesApp.build/Release-iphoneos/NotesApp.build/Objects-normal/arm64/ScreenshotMode.o -index-unit-output-path /NotesApp.build/Release-iphoneos/NotesApp.build/Objects-normal/arm64/ErrorLogger.o -index-unit-output-path /NotesApp.build/Release-iphoneos/NotesApp.build/Objects-normal/arm64/CrashHandler.o -index-unit-output-path /NotesApp.build/Release-iphoneos/NotesApp.build/Objects-normal/arm64/ErrorLogView.o -index-unit-output-path /NotesApp.build/Release-iphoneos/NotesApp.build/Objects-normal/arm64/Logger.o -index-unit-output-path /NotesApp.build/Release-iphoneos/NotesApp.build/Objects-normal/arm64/HydrationEntry+CoreDataClass.o -index-unit-output-path /NotesApp.build/Release-iphoneos/NotesApp.build/Objects-normal/arm64/HydrationEntry+CoreDataProperties.o -index-unit-output-path /NotesApp.build/Release-iphoneos/NotesApp.build/Objects-normal/arm64/UserSettings+CoreDataClass.o -index-unit-output-path /NotesApp.build/Release-iphoneos/NotesApp.build/Objects-normal/arm64/UserSettings+CoreDataProperties.o -index-unit-output-path /NotesApp.build/Release-iphoneos/NotesApp.build/Objects-normal/arm64/NotesModel+CoreDataModel.o -index-unit-output-path /NotesApp.build/Release-iphoneos/NotesApp.build/Objects-normal/arm64/GeneratedAssetSymbols.o
2025-10-14T10:22:38.1401270Z CompileSwift normal arm64 (in target 'NotesApp' from project 'NotesApp')
2025-10-14T10:22:38.1401800Z     cd /Users/runner/work/python-interpretor-codex/python-interpretor-codex
2025-10-14T10:22:38.1479090Z     /Applications/Xcode_15.4.app/Contents/Developer/Toolchains/XcodeDefault.xctoolchain/usr/bin/swift-frontend -c /Users/runner/work/python-interpretor-codex/python-interpretor-codex/NotesApp/PersistenceController.swift /Users/runner/work/python-interpretor-codex/python-interpretor-codex/NotesApp/NotesListView.swift /Users/runner/work/python-interpretor-codex/python-interpretor-codex/NotesApp/NoteDetailView.swift /Users/runner/work/python-interpretor-codex/python-interpretor-codex/NotesApp/NotesAppApp.swift /Users/runner/work/python-interpretor-codex/python-interpretor-codex/NotesApp/PythonExecutor.swift /Users/runner/work/python-interpretor-codex/python-interpretor-codex/NotesApp/PythonInterpreterView.swift /Users/runner/work/python-interpretor-codex/python-interpretor-codex/NotesApp/CPythonExecutor.swift /Users/runner/work/python-interpretor-codex/python-interpretor-codex/NotesApp/CodeEditorView.swift /Users/runner/work/python-interpretor-codex/python-interpretor-codex/NotesApp/SyntaxHighlighter.swift /Users/runner/work/python-interpretor-codex/python-interpretor-codex/NotesApp/Snippets.swift /Users/runner/work/python-interpretor-codex/python-interpretor-codex/NotesApp/TodayView.swift /Users/runner/work/python-interpretor-codex/python-interpretor-codex/NotesApp/HistoryView.swift /Users/runner/work/python-interpretor-codex/python-interpretor-codex/NotesApp/SettingsView.swift /Users/runner/work/python-interpretor-codex/python-interpretor-codex/NotesApp/HydrationHelpers.swift /Users/runner/work/python-interpretor-codex/python-interpretor-codex/NotesApp/NotificationManager.swift /Users/runner/work/python-interpretor-codex/python-interpretor-codex/NotesApp/Theme.swift /Users/runner/work/python-interpretor-codex/python-interpretor-codex/NotesApp/Toast.swift /Users/runner/work/python-interpretor-codex/python-interpretor-codex/NotesApp/CelebrationOverlay.swift /Users/runner/work/python-interpretor-codex/python-interpretor-codex/NotesApp/ScreenshotMode.swift /Users/runner/work/python-interpretor-codex/python-interpretor-codex/NotesApp/ErrorLogger.swift /Users/runner/work/python-interpretor-codex/python-interpretor-codex/NotesApp/CrashHandler.swift /Users/runner/work/python-interpretor-codex/python-interpretor-codex/NotesApp/ErrorLogView.swift /Users/runner/work/python-interpretor-codex/python-interpretor-codex/NotesApp/Logger.swift /Users/runner/work/_temp/Derived/Build/Intermediates.noindex/NotesApp.build/Release-iphoneos/NotesApp.build/DerivedSources/CoreDataGenerated/NotesModel/HydrationEntry+CoreDataClass.swift /Users/runner/work/_temp/Derived/Build/Intermediates.noindex/NotesApp.build/Release-iphoneos/NotesApp.build/DerivedSources/CoreDataGenerated/NotesModel/HydrationEntry+CoreDataProperties.swift /Users/runner/work/_temp/Derived/Build/Intermediates.noindex/NotesApp.build/Release-iphoneos/NotesApp.build/DerivedSources/CoreDataGenerated/NotesModel/UserSettings+CoreDataClass.swift /Users/runner/work/_temp/Derived/Build/Intermediates.noindex/NotesApp.build/Release-iphoneos/NotesApp.build/DerivedSources/CoreDataGenerated/NotesModel/UserSettings+CoreDataProperties.swift /Users/runner/work/_temp/Derived/Build/Intermediates.noindex/NotesApp.build/Release-iphoneos/NotesApp.build/DerivedSources/CoreDataGenerated/NotesModel/NotesModel+CoreDataModel.swift /Users/runner/work/_temp/Derived/Build/Intermediates.noindex/NotesApp.build/Release-iphoneos/NotesApp.build/DerivedSources/GeneratedAssetSymbols.swift -supplementary-output-file-map /Users/runner/work/_temp/Derived/Build/Intermediates.noindex/NotesApp.build/Release-iphoneos/NotesApp.build/Objects-normal/arm64/supplementaryOutputs-1 -emit-localized-strings -emit-localized-strings-path /Users/runner/work/_temp/Derived/Build/Intermediates.noindex/NotesApp.build/Release-iphoneos/NotesApp.build/Objects-normal/arm64 -target arm64-apple-ios17.0 -Xllvm -aarch64-use-tbi -enable-objc-interop -stack-check -sdk /Applications/Xcode_15.4.app/Contents/Developer/Platforms/iPhoneOS.platform/Developer/SDKs/iPhoneOS17.5.sdk -I /Users/runner/work/_temp/Derived/Build/Products/Release-iphoneos -F /Users/runner/work/_temp/Derived/Build/Products/Release-iphoneos -no-color-diagnostics -g -module-cache-path /Users/runner/work/_temp/Derived/ModuleCache.noindex -swift-version 5 -enforce-exclusivity\=checked -O -serialize-debugging-options -const-gather-protocols-file /Users/runner/work/_temp/Derived/Build/Intermediates.noindex/NotesApp.build/Release-iphoneos/NotesApp.build/Objects-normal/arm64/NotesApp_const_extract_protocols.json -enable-bare-slash-regex -empty-abi-descriptor -validate-clang-modules-once -clang-build-session-file /Users/runner/work/_temp/Derived/ModuleCache.noindex/Session.modulevalidation -Xcc -working-directory -Xcc /Users/runner/work/python-interpretor-codex/python-interpretor-codex -resource-dir /Applications/Xcode_15.4.app/Contents/Developer/Toolchains/XcodeDefault.xctoolchain/usr/lib/swift -Xcc -ivfsstatcache -Xcc /Users/runner/work/_temp/Derived/SDKStatCaches.noindex/iphoneos17.5-21F77-f0fa7969d082b13145125136a829df3a.sdkstatcache -Xcc -I/Users/runner/work/_temp/Derived/Build/Intermediates.noindex/NotesApp.build/Release-iphoneos/NotesApp.build/swift-overrides.hmap -Xcc -iquote -Xcc /Users/runner/work/_temp/Derived/Build/Intermediates.noindex/NotesApp.build/Release-iphoneos/NotesApp.build/CodeSnake-generated-files.hmap -Xcc -I/Users/runner/work/_temp/Derived/Build/Intermediates.noindex/NotesApp.build/Release-iphoneos/NotesApp.build/CodeSnake-own-target-headers.hmap -Xcc -I/Users/runner/work/_temp/Derived/Build/Intermediates.noindex/NotesApp.build/Release-iphoneos/NotesApp.build/CodeSnake-all-target-headers.hmap -Xcc -iquote -Xcc /Users/runner/work/_temp/Derived/Build/Intermediates.noindex/NotesApp.build/Release-iphoneos/NotesApp.build/CodeSnake-project-headers.hmap -Xcc -I/Users/runner/work/_temp/Derived/Build/Products/Release-iphoneos/include -Xcc -I/Users/runner/work/_temp/Derived/Build/Intermediates.noindex/NotesApp.build/Release-iphoneos/NotesApp.build/DerivedSources-normal/arm64 -Xcc -I/Users/runner/work/_temp/Derived/Build/Intermediates.noindex/NotesApp.build/Release-iphoneos/NotesApp.build/DerivedSources/arm64 -Xcc -I/Users/runner/work/_temp/Derived/Build/Intermediates.noindex/NotesApp.build/Release-iphoneos/NotesApp.build/DerivedSources -import-objc-header /Users/runner/work/python-interpretor-codex/python-interpretor-codex/NotesApp/Bridging-Header.h -pch-output-dir /Users/runner/work/_temp/Derived/Build/Intermediates.noindex/PrecompiledHeaders -module-name CodeSnake -frontend-parseable-output -disable-clang-spi -target-sdk-version 17.5 -target-sdk-name iphoneos17.5 -external-plugin-path /Applications/Xcode_15.4.app/Contents/Developer/Platforms/iPhoneOS.platform/Developer/SDKs/iPhoneOS17.5.sdk/usr/lib/swift/host/plugins\#/Applications/Xcode_15.4.app/Contents/Developer/Platforms/iPhoneOS.platform/Developer/SDKs/iPhoneOS17.5.sdk/usr/bin/swift-plugin-server -external-plugin-path /Applications/Xcode_15.4.app/Contents/Developer/Platforms/iPhoneOS.platform/Developer/SDKs/iPhoneOS17.5.sdk/usr/local/lib/swift/host/plugins\#/Applications/Xcode_15.4.app/Contents/Developer/Platforms/iPhoneOS.platform/Developer/SDKs/iPhoneOS17.5.sdk/usr/bin/swift-plugin-server -external-plugin-path /Applications/Xcode_15.4.app/Contents/Developer/Platforms/iPhoneOS.platform/Developer/usr/lib/swift/host/plugins\#/Applications/Xcode_15.4.app/Contents/Developer/Platforms/iPhoneOS.platform/Developer/usr/bin/swift-plugin-server -external-plugin-path /Applications/Xcode_15.4.app/Contents/Developer/Platforms/iPhoneOS.platform/Developer/usr/local/lib/swift/host/plugins\#/Applications/Xcode_15.4.app/Contents/Developer/Platforms/iPhoneOS.platform/Developer/usr/bin/swift-plugin-server -plugin-path /Applications/Xcode_15.4.app/Contents/Developer/Toolchains/XcodeDefault.xctoolchain/usr/lib/swift/host/plugins -plugin-path /Applications/Xcode_15.4.app/Contents/Developer/Toolchains/XcodeDefault.xctoolchain/usr/local/lib/swift/host/plugins -enable-default-cmo -num-threads 3 -o /Users/runner/work/_temp/Derived/Build/Intermediates.noindex/NotesApp.build/Release-iphoneos/NotesApp.build/Objects-normal/arm64/PersistenceController.o -o /Users/runner/work/_temp/Derived/Build/Intermediates.noindex/NotesApp.build/Release-iphoneos/NotesApp.build/Objects-normal/arm64/NotesListView.o -o /Users/runner/work/_temp/Derived/Build/Intermediates.noindex/NotesApp.build/Release-iphoneos/NotesApp.build/Objects-normal/arm64/NoteDetailView.o -o /Users/runner/work/_temp/Derived/Build/Intermediates.noindex/NotesApp.build/Release-iphoneos/NotesApp.build/Objects-normal/arm64/NotesAppApp.o -o /Users/runner/work/_temp/Derived/Build/Intermediates.noindex/NotesApp.build/Release-iphoneos/NotesApp.build/Objects-normal/arm64/PythonExecutor.o -o /Users/runner/work/_temp/Derived/Build/Intermediates.noindex/NotesApp.build/Release-iphoneos/NotesApp.build/Objects-normal/arm64/PythonInterpreterView.o -o /Users/runner/work/_temp/Derived/Build/Intermediates.noindex/NotesApp.build/Release-iphoneos/NotesApp.build/Objects-normal/arm64/CPythonExecutor.o -o /Users/runner/work/_temp/Derived/Build/Intermediates.noindex/NotesApp.build/Release-iphoneos/NotesApp.build/Objects-normal/arm64/CodeEditorView.o -o /Users/runner/work/_temp/Derived/Build/Intermediates.noindex/NotesApp.build/Release-iphoneos/NotesApp.build/Objects-normal/arm64/SyntaxHighlighter.o -o /Users/runner/work/_temp/Derived/Build/Intermediates.noindex/NotesApp.build/Release-iphoneos/NotesApp.build/Objects-normal/arm64/Snippets.o -o /Users/runner/work/_temp/Derived/Build/Intermediates.noindex/NotesApp.build/Release-iphoneos/NotesApp.build/Objects-normal/arm64/TodayView.o -o /Users/runner/work/_temp/Derived/Build/Intermediates.noindex/NotesApp.build/Release-iphoneos/NotesApp.build/Objects-normal/arm64/HistoryView.o -o /Users/runner/work/_temp/Derived/Build/Intermediates.noindex/NotesApp.build/Release-iphoneos/NotesApp.build/Objects-normal/arm64/SettingsView.o -o /Users/runner/work/_temp/Derived/Build/Intermediates.noindex/NotesApp.build/Release-iphoneos/NotesApp.build/Objects-normal/arm64/HydrationHelpers.o -o /Users/runner/work/_temp/Derived/Build/Intermediates.noindex/NotesApp.build/Release-iphoneos/NotesApp.build/Objects-normal/arm64/NotificationManager.o -o /Users/runner/work/_temp/Derived/Build/Intermediates.noindex/NotesApp.build/Release-iphoneos/NotesApp.build/Objects-normal/arm64/Theme.o -o /Users/runner/work/_temp/Derived/Build/Intermediates.noindex/NotesApp.build/Release-iphoneos/NotesApp.build/Objects-normal/arm64/Toast.o -o /Users/runner/work/_temp/Derived/Build/Intermediates.noindex/NotesApp.build/Release-iphoneos/NotesApp.build/Objects-normal/arm64/CelebrationOverlay.o -o /Users/runner/work/_temp/Derived/Build/Intermediates.noindex/NotesApp.build/Release-iphoneos/NotesApp.build/Objects-normal/arm64/ScreenshotMode.o -o /Users/runner/work/_temp/Derived/Build/Intermediates.noindex/NotesApp.build/Release-iphoneos/NotesApp.build/Objects-normal/arm64/ErrorLogger.o -o /Users/runner/work/_temp/Derived/Build/Intermediates.noindex/NotesApp.build/Release-iphoneos/NotesApp.build/Objects-normal/arm64/CrashHandler.o -o /Users/runner/work/_temp/Derived/Build/Intermediates.noindex/NotesApp.build/Release-iphoneos/NotesApp.build/Objects-normal/arm64/ErrorLogView.o -o /Users/runner/work/_temp/Derived/Build/Intermediates.noindex/NotesApp.build/Release-iphoneos/NotesApp.build/Objects-normal/arm64/Logger.o -o /Users/runner/work/_temp/Derived/Build/Intermediates.noindex/NotesApp.build/Release-iphoneos/NotesApp.build/Objects-normal/arm64/HydrationEntry+CoreDataClass.o -o /Users/runner/work/_temp/Derived/Build/Intermediates.noindex/NotesApp.build/Release-iphoneos/NotesApp.build/Objects-normal/arm64/HydrationEntry+CoreDataProperties.o -o /Users/runner/work/_temp/Derived/Build/Intermediates.noindex/NotesApp.build/Release-iphoneos/NotesApp.build/Objects-normal/arm64/UserSettings+CoreDataClass.o -o /Users/runner/work/_temp/Derived/Build/Intermediates.noindex/NotesApp.build/Release-iphoneos/NotesApp.build/Objects-normal/arm64/UserSettings+CoreDataProperties.o -o /Users/runner/work/_temp/Derived/Build/Intermediates.noindex/NotesApp.build/Release-iphoneos/NotesApp.build/Objects-normal/arm64/NotesModel+CoreDataModel.o -o /Users/runner/work/_temp/Derived/Build/Intermediates.noindex/NotesApp.build/Release-iphoneos/NotesApp.build/Objects-normal/arm64/GeneratedAssetSymbols.o -index-unit-output-path /NotesApp.build/Release-iphoneos/NotesApp.build/Objects-normal/arm64/PersistenceController.o -index-unit-output-path /NotesApp.build/Release-iphoneos/NotesApp.build/Objects-normal/arm64/NotesListView.o -index-unit-output-path /NotesApp.build/Release-iphoneos/NotesApp.build/Objects-normal/arm64/NoteDetailView.o -index-unit-output-path /NotesApp.build/Release-iphoneos/NotesApp.build/Objects-normal/arm64/NotesAppApp.o -index-unit-output-path /NotesApp.build/Release-iphoneos/NotesApp.build/Objects-normal/arm64/PythonExecutor.o -index-unit-output-path /NotesApp.build/Release-iphoneos/NotesApp.build/Objects-normal/arm64/PythonInterpreterView.o -index-unit-output-path /NotesApp.build/Release-iphoneos/NotesApp.build/Objects-normal/arm64/CPythonExecutor.o -index-unit-output-path /NotesApp.build/Release-iphoneos/NotesApp.build/Objects-normal/arm64/CodeEditorView.o -index-unit-output-path /NotesApp.build/Release-iphoneos/NotesApp.build/Objects-normal/arm64/SyntaxHighlighter.o -index-unit-output-path /NotesApp.build/Release-iphoneos/NotesApp.build/Objects-normal/arm64/Snippets.o -index-unit-output-path /NotesApp.build/Release-iphoneos/NotesApp.build/Objects-normal/arm64/TodayView.o -index-unit-output-path /NotesApp.build/Release-iphoneos/NotesApp.build/Objects-normal/arm64/HistoryView.o -index-unit-output-path /NotesApp.build/Release-iphoneos/NotesApp.build/Objects-normal/arm64/SettingsView.o -index-unit-output-path /NotesApp.build/Release-iphoneos/NotesApp.build/Objects-normal/arm64/HydrationHelpers.o -index-unit-output-path /NotesApp.build/Release-iphoneos/NotesApp.build/Objects-normal/arm64/NotificationManager.o -index-unit-output-path /NotesApp.build/Release-iphoneos/NotesApp.build/Objects-normal/arm64/Theme.o -index-unit-output-path /NotesApp.build/Release-iphoneos/NotesApp.build/Objects-normal/arm64/Toast.o -index-unit-output-path /NotesApp.build/Release-iphoneos/NotesApp.build/Objects-normal/arm64/CelebrationOverlay.o -index-unit-output-path /NotesApp.build/Release-iphoneos/NotesApp.build/Objects-normal/arm64/ScreenshotMode.o -index-unit-output-path /NotesApp.build/Release-iphoneos/NotesApp.build/Objects-normal/arm64/ErrorLogger.o -index-unit-output-path /NotesApp.build/Release-iphoneos/NotesApp.build/Objects-normal/arm64/CrashHandler.o -index-unit-output-path /NotesApp.build/Release-iphoneos/NotesApp.build/Objects-normal/arm64/ErrorLogView.o -index-unit-output-path /NotesApp.build/Release-iphoneos/NotesApp.build/Objects-normal/arm64/Logger.o -index-unit-output-path /NotesApp.build/Release-iphoneos/NotesApp.build/Objects-normal/arm64/HydrationEntry+CoreDataClass.o -index-unit-output-path /NotesApp.build/Release-iphoneos/NotesApp.build/Objects-normal/arm64/HydrationEntry+CoreDataProperties.o -index-unit-output-path /NotesApp.build/Release-iphoneos/NotesApp.build/Objects-normal/arm64/UserSettings+CoreDataClass.o -index-unit-output-path /NotesApp.build/Release-iphoneos/NotesApp.build/Objects-normal/arm64/UserSettings+CoreDataProperties.o -index-unit-output-path /NotesApp.build/Release-iphoneos/NotesApp.build/Objects-normal/arm64/NotesModel+CoreDataModel.o -index-unit-output-path /NotesApp.build/Release-iphoneos/NotesApp.build/Objects-normal/arm64/GeneratedAssetSymbols.o
2025-10-14T10:22:50.5008240Z /Users/runner/work/python-interpretor-codex/python-interpretor-codex/NotesApp/PythonInterpreterView.swift:40:10: warning: 'onChange(of:perform:)' was deprecated in iOS 17.0: Use `onChange` with a two or zero parameter action closure instead.
2025-10-14T10:22:50.5010510Z         .onChange(of: code) { _ in persist(); loadPersistedBreakpoints() }
2025-10-14T10:22:50.5015770Z          ^
2025-10-14T10:22:50.5017220Z /Users/runner/work/python-interpretor-codex/python-interpretor-codex/NotesApp/PythonInterpreterView.swift:41:10: warning: 'onChange(of:perform:)' was deprecated in iOS 17.0: Use `onChange` with a two or zero parameter action closure instead.
2025-10-14T10:22:50.5018640Z         .onChange(of: breakpoints) { _ in persistBreakpoints() }
2025-10-14T10:22:50.5019210Z          ^
2025-10-14T10:22:50.5019690Z 
2025-10-14T10:22:50.5020790Z ProcessInfoPlistFile /Users/runner/work/_temp/Derived/Build/Products/Release-iphoneos/CodeSnake.app/Info.plist /Users/runner/work/_temp/Derived/Build/Intermediates.noindex/NotesApp.build/Release-iphoneos/NotesApp.build/empty-CodeSnake.plist (in target 'NotesApp' from project 'NotesApp')
2025-10-14T10:22:50.5022530Z     cd /Users/runner/work/python-interpretor-codex/python-interpretor-codex
2025-10-14T10:22:50.5024910Z     builtin-infoPlistUtility /Users/runner/work/_temp/Derived/Build/Intermediates.noindex/NotesApp.build/Release-iphoneos/NotesApp.build/empty-CodeSnake.plist -producttype com.apple.product-type.application -genpkginfo /Users/runner/work/_temp/Derived/Build/Products/Release-iphoneos/CodeSnake.app/PkgInfo -expandbuildsettings -format binary -platform iphoneos -additionalcontentfile /Users/runner/work/_temp/Derived/Build/Intermediates.noindex/NotesApp.build/Release-iphoneos/NotesApp.build/assetcatalog_generated_info.plist -requiredArchitecture arm64 -o /Users/runner/work/_temp/Derived/Build/Products/Release-iphoneos/CodeSnake.app/Info.plist
2025-10-14T10:22:50.5029610Z 
2025-10-14T10:22:50.5032130Z SwiftDriverJobDiscovery normal arm64 Compiling PersistenceController.swift, NotesListView.swift, NoteDetailView.swift, NotesAppApp.swift, PythonExecutor.swift, PythonInterpreterView.swift, CPythonExecutor.swift, CodeEditorView.swift, SyntaxHighlighter.swift, Snippets.swift, TodayView.swift, HistoryView.swift, SettingsView.swift, HydrationHelpers.swift, NotificationManager.swift, Theme.swift, Toast.swift, CelebrationOverlay.swift, ScreenshotMode.swift, ErrorLogger.swift, CrashHandler.swift, ErrorLogView.swift, Logger.swift, HydrationEntry+CoreDataClass.swift, HydrationEntry+CoreDataProperties.swift, UserSettings+CoreDataClass.swift, UserSettings+CoreDataProperties.swift, NotesModel+CoreDataModel.swift, GeneratedAssetSymbols.swift (in target 'NotesApp' from project 'NotesApp')
2025-10-14T10:22:50.5035350Z 
2025-10-14T10:22:50.5035740Z SwiftDriver\ Compilation\ Requirements NotesApp normal arm64 com.apple.xcode.tools.swift.compiler (in target 'NotesApp' from project 'NotesApp')
2025-10-14T10:22:50.5036380Z     cd /Users/runner/work/python-interpretor-codex/python-interpretor-codex
2025-10-14T10:22:50.5058220Z     builtin-Swift-Compilation-Requirements -- /Applications/Xcode_15.4.app/Contents/Developer/Toolchains/XcodeDefault.xctoolchain/usr/bin/swiftc -module-name CodeSnake -O -whole-module-optimization -enforce-exclusivity\=checked @/Users/runner/work/_temp/Derived/Build/Intermediates.noindex/NotesApp.build/Release-iphoneos/NotesApp.build/Objects-normal/arm64/CodeSnake.SwiftFileList -sdk /Applications/Xcode_15.4.app/Contents/Developer/Platforms/iPhoneOS.platform/Developer/SDKs/iPhoneOS17.5.sdk -target arm64-apple-ios17.0 -enable-bare-slash-regex -g -module-cache-path /Users/runner/work/_temp/Derived/ModuleCache.noindex -Xfrontend -serialize-debugging-options -swift-version 5 -I /Users/runner/work/_temp/Derived/Build/Products/Release-iphoneos -F /Users/runner/work/_temp/Derived/Build/Products/Release-iphoneos -emit-localized-strings -emit-localized-strings-path /Users/runner/work/_temp/Derived/Build/Intermediates.noindex/NotesApp.build/Release-iphoneos/NotesApp.build/Objects-normal/arm64 -c -num-threads 3 -Xcc -ivfsstatcache -Xcc /Users/runner/work/_temp/Derived/SDKStatCaches.noindex/iphoneos17.5-21F77-f0fa7969d082b13145125136a829df3a.sdkstatcache -output-file-map /Users/runner/work/_temp/Derived/Build/Intermediates.noindex/NotesApp.build/Release-iphoneos/NotesApp.build/Objects-normal/arm64/NotesApp-OutputFileMap.json -use-frontend-parseable-output -save-temps -no-color-diagnostics -serialize-diagnostics -emit-dependencies -emit-module -emit-module-path /Users/runner/work/_temp/Derived/Build/Intermediates.noindex/NotesApp.build/Release-iphoneos/NotesApp.build/Objects-normal/arm64/CodeSnake.swiftmodule -validate-clang-modules-once -clang-build-session-file /Users/runner/work/_temp/Derived/ModuleCache.noindex/Session.modulevalidation -Xcc -I/Users/runner/work/_temp/Derived/Build/Intermediates.noindex/NotesApp.build/Release-iphoneos/NotesApp.build/swift-overrides.hmap -emit-const-values -Xfrontend -const-gather-protocols-file -Xfrontend /Users/runner/work/_temp/Derived/Build/Intermediates.noindex/NotesApp.build/Release-iphoneos/NotesApp.build/Objects-normal/arm64/NotesApp_const_extract_protocols.json -Xcc -iquote -Xcc /Users/runner/work/_temp/Derived/Build/Intermediates.noindex/NotesApp.build/Release-iphoneos/NotesApp.build/CodeSnake-generated-files.hmap -Xcc -I/Users/runner/work/_temp/Derived/Build/Intermediates.noindex/NotesApp.build/Release-iphoneos/NotesApp.build/CodeSnake-own-target-headers.hmap -Xcc -I/Users/runner/work/_temp/Derived/Build/Intermediates.noindex/NotesApp.build/Release-iphoneos/NotesApp.build/CodeSnake-all-target-headers.hmap -Xcc -iquote -Xcc /Users/runner/work/_temp/Derived/Build/Intermediates.noindex/NotesApp.build/Release-iphoneos/NotesApp.build/CodeSnake-project-headers.hmap -Xcc -I/Users/runner/work/_temp/Derived/Build/Products/Release-iphoneos/include -Xcc -I/Users/runner/work/_temp/Derived/Build/Intermediates.noindex/NotesApp.build/Release-iphoneos/NotesApp.build/DerivedSources-normal/arm64 -Xcc -I/Users/runner/work/_temp/Derived/Build/Intermediates.noindex/NotesApp.build/Release-iphoneos/NotesApp.build/DerivedSources/arm64 -Xcc -I/Users/runner/work/_temp/Derived/Build/Intermediates.noindex/NotesApp.build/Release-iphoneos/NotesApp.build/DerivedSources -emit-objc-header -emit-objc-header-path /Users/runner/work/_temp/Derived/Build/Intermediates.noindex/NotesApp.build/Release-iphoneos/NotesApp.build/Objects-normal/arm64/CodeSnake-Swift.h -import-objc-header /Users/runner/work/python-interpretor-codex/python-interpretor-codex/NotesApp/Bridging-Header.h -pch-output-dir /Users/runner/work/_temp/Derived/Build/Intermediates.noindex/PrecompiledHeaders -working-directory /Users/runner/work/python-interpretor-codex/python-interpretor-codex -no-emit-module-separately-wmo
2025-10-14T10:22:50.5100640Z 
2025-10-14T10:22:50.5182330Z SwiftMergeGeneratedHeaders /Users/runner/work/_temp/Derived/Build/Intermediates.noindex/NotesApp.build/Release-iphoneos/NotesApp.build/DerivedSources/CodeSnake-Swift.h /Users/runner/work/_temp/Derived/Build/Intermediates.noindex/NotesApp.build/Release-iphoneos/NotesApp.build/Objects-normal/arm64/CodeSnake-Swift.h (in target 'NotesApp' from project 'NotesApp')
2025-10-14T10:22:50.5192280Z     cd /Users/runner/work/python-interpretor-codex/python-interpretor-codex
2025-10-14T10:22:50.5196210Z     builtin-swiftHeaderTool -arch arm64 /Users/runner/work/_temp/Derived/Build/Intermediates.noindex/NotesApp.build/Release-iphoneos/NotesApp.build/Objects-normal/arm64/CodeSnake-Swift.h -o /Users/runner/work/_temp/Derived/Build/Intermediates.noindex/NotesApp.build/Release-iphoneos/NotesApp.build/DerivedSources/CodeSnake-Swift.h
2025-10-14T10:22:50.5202100Z 
2025-10-14T10:22:50.5209280Z Copy /Users/runner/work/_temp/Derived/Build/Products/Release-iphoneos/CodeSnake.swiftmodule/arm64-apple-ios.swiftdoc /Users/runner/work/_temp/Derived/Build/Intermediates.noindex/NotesApp.build/Release-iphoneos/NotesApp.build/Objects-normal/arm64/CodeSnake.swiftdoc (in target 'NotesApp' from project 'NotesApp')
2025-10-14T10:22:50.5212750Z     cd /Users/runner/work/python-interpretor-codex/python-interpretor-codex
2025-10-14T10:22:50.5217200Z     builtin-copy -exclude .DS_Store -exclude CVS -exclude .svn -exclude .git -exclude .hg -resolve-src-symlinks -rename /Users/runner/work/_temp/Derived/Build/Intermediates.noindex/NotesApp.build/Release-iphoneos/NotesApp.build/Objects-normal/arm64/CodeSnake.swiftdoc /Users/runner/work/_temp/Derived/Build/Products/Release-iphoneos/CodeSnake.swiftmodule/arm64-apple-ios.swiftdoc
2025-10-14T10:22:50.5220020Z 
2025-10-14T10:22:50.5220960Z Copy /Users/runner/work/_temp/Derived/Build/Products/Release-iphoneos/CodeSnake.swiftmodule/arm64-apple-ios.swiftmodule /Users/runner/work/_temp/Derived/Build/Intermediates.noindex/NotesApp.build/Release-iphoneos/NotesApp.build/Objects-normal/arm64/CodeSnake.swiftmodule (in target 'NotesApp' from project 'NotesApp')
2025-10-14T10:22:50.5222220Z     cd /Users/runner/work/python-interpretor-codex/python-interpretor-codex
2025-10-14T10:22:50.5223640Z     builtin-copy -exclude .DS_Store -exclude CVS -exclude .svn -exclude .git -exclude .hg -resolve-src-symlinks -rename /Users/runner/work/_temp/Derived/Build/Intermediates.noindex/NotesApp.build/Release-iphoneos/NotesApp.build/Objects-normal/arm64/CodeSnake.swiftmodule /Users/runner/work/_temp/Derived/Build/Products/Release-iphoneos/CodeSnake.swiftmodule/arm64-apple-ios.swiftmodule
2025-10-14T10:22:50.5224980Z 
2025-10-14T10:22:50.5226010Z Copy /Users/runner/work/_temp/Derived/Build/Products/Release-iphoneos/CodeSnake.swiftmodule/arm64-apple-ios.abi.json /Users/runner/work/_temp/Derived/Build/Intermediates.noindex/NotesApp.build/Release-iphoneos/NotesApp.build/Objects-normal/arm64/CodeSnake.abi.json (in target 'NotesApp' from project 'NotesApp')
2025-10-14T10:22:50.5227320Z     cd /Users/runner/work/python-interpretor-codex/python-interpretor-codex
2025-10-14T10:22:50.5228780Z     builtin-copy -exclude .DS_Store -exclude CVS -exclude .svn -exclude .git -exclude .hg -resolve-src-symlinks -rename /Users/runner/work/_temp/Derived/Build/Intermediates.noindex/NotesApp.build/Release-iphoneos/NotesApp.build/Objects-normal/arm64/CodeSnake.abi.json /Users/runner/work/_temp/Derived/Build/Products/Release-iphoneos/CodeSnake.swiftmodule/arm64-apple-ios.abi.json
2025-10-14T10:22:50.5237830Z 
2025-10-14T10:22:50.5239440Z Copy /Users/runner/work/_temp/Derived/Build/Products/Release-iphoneos/CodeSnake.swiftmodule/Project/arm64-apple-ios.swiftsourceinfo /Users/runner/work/_temp/Derived/Build/Intermediates.noindex/NotesApp.build/Release-iphoneos/NotesApp.build/Objects-normal/arm64/CodeSnake.swiftsourceinfo (in target 'NotesApp' from project 'NotesApp')
2025-10-14T10:22:50.5241090Z     cd /Users/runner/work/python-interpretor-codex/python-interpretor-codex
2025-10-14T10:22:50.5242590Z     builtin-copy -exclude .DS_Store -exclude CVS -exclude .svn -exclude .git -exclude .hg -resolve-src-symlinks -rename /Users/runner/work/_temp/Derived/Build/Intermediates.noindex/NotesApp.build/Release-iphoneos/NotesApp.build/Objects-normal/arm64/CodeSnake.swiftsourceinfo /Users/runner/work/_temp/Derived/Build/Products/Release-iphoneos/CodeSnake.swiftmodule/Project/arm64-apple-ios.swiftsourceinfo
2025-10-14T10:22:50.5243900Z 
2025-10-14T10:22:50.5245030Z CompileC /Users/runner/work/_temp/Derived/Build/Intermediates.noindex/NotesApp.build/Release-iphoneos/NotesApp.build/Objects-normal/arm64/PythonBridge.o /Users/runner/work/python-interpretor-codex/python-interpretor-codex/NotesApp/PythonBridge.c normal arm64 c com.apple.compilers.llvm.clang.1_0.compiler (in target 'NotesApp' from project 'NotesApp')
2025-10-14T10:22:50.5246430Z     cd /Users/runner/work/python-interpretor-codex/python-interpretor-codex
2025-10-14T10:22:50.5254220Z     /Applications/Xcode_15.4.app/Contents/Developer/Toolchains/XcodeDefault.xctoolchain/usr/bin/clang -x c -ivfsstatcache /Users/runner/work/_temp/Derived/SDKStatCaches.noindex/iphoneos17.5-21F77-f0fa7969d082b13145125136a829df3a.sdkstatcache -fmessage-length\=0 -fdiagnostics-show-note-include-stack -fmacro-backtrace-limit\=0 -fno-color-diagnostics -fmodules-prune-interval\=86400 -fmodules-prune-after\=345600 -fbuild-session-file\=/Users/runner/work/_temp/Derived/ModuleCache.noindex/Session.modulevalidation -fmodules-validate-once-per-build-session -Wnon-modular-include-in-framework-module -Werror\=non-modular-include-in-framework-module -Wno-trigraphs -Wno-missing-field-initializers -Wno-missing-prototypes -Werror\=return-type -Wdocumentation -Wunreachable-code -Wquoted-include-in-framework-header -Werror\=deprecated-objc-isa-usage -Werror\=objc-root-class -Wno-missing-braces -Wparentheses -Wswitch -Wunused-function -Wno-unused-label -Wno-unused-parameter -Wunused-variable -Wunused-value -Wempty-body -Wuninitialized -Wconditional-uninitialized -Wno-unknown-pragmas -Wno-shadow -Wno-four-char-constants -Wno-conversion -Wconstant-conversion -Wint-conversion -Wbool-conversion -Wenum-conversion -Wno-float-conversion -Wnon-literal-null-conversion -Wobjc-literal-conversion -Wshorten-64-to-32 -Wpointer-sign -Wno-newline-eof -Wno-implicit-fallthrough -fstrict-aliasing -Wdeprecated-declarations -Wno-sign-conversion -Winfinite-recursion -Wcomma -Wblock-capture-autoreleasing -Wstrict-prototypes -Wno-semicolon-before-method-body -Wunguarded-availability @/Users/runner/work/_temp/Derived/Build/Intermediates.noindex/NotesApp.build/Release-iphoneos/NotesApp.build/Objects-normal/arm64/7187679823f38a2a940e0043cdf9d637-common-args.resp -MMD -MT dependencies -MF /Users/runner/work/_temp/Derived/Build/Intermediates.noindex/NotesApp.build/Release-iphoneos/NotesApp.build/Objects-normal/arm64/PythonBridge.d --serialize-diagnostics /Users/runner/work/_temp/Derived/Build/Intermediates.noindex/NotesApp.build/Release-iphoneos/NotesApp.build/Objects-normal/arm64/PythonBridge.dia -c /Users/runner/work/python-interpretor-codex/python-interpretor-codex/NotesApp/PythonBridge.c -o /Users/runner/work/_temp/Derived/Build/Intermediates.noindex/NotesApp.build/Release-iphoneos/NotesApp.build/Objects-normal/arm64/PythonBridge.o
2025-10-14T10:22:51.8441230Z /Users/runner/work/python-interpretor-codex/python-interpretor-codex/NotesApp/PythonBridge.c:10:4: error: "Python headers not found; set HEADER_SEARCH_PATHS or FRAMEWORK_SEARCH_PATHS"
2025-10-14T10:22:51.8452790Z #  error "Python headers not found; set HEADER_SEARCH_PATHS or FRAMEWORK_SEARCH_PATHS"
2025-10-14T10:22:51.8454090Z    ^
2025-10-14T10:22:51.8454930Z /Users/runner/work/python-interpretor-codex/python-interpretor-codex/NotesApp/PythonBridge.c:34:5: error: call to undeclared function 'Py_Initialize'; ISO C99 and later do not support implicit function declarations [-Wimplicit-function-declaration]
2025-10-14T10:22:51.8457300Z     Py_Initialize();
2025-10-14T10:22:51.8457760Z     ^
2025-10-14T10:22:51.8458630Z /Users/runner/work/python-interpretor-codex/python-interpretor-codex/NotesApp/PythonBridge.c:35:10: error: call to undeclared function 'Py_IsInitialized'; ISO C99 and later do not support implicit function declarations [-Wimplicit-function-declaration]
2025-10-14T10:22:51.8459560Z     if (!Py_IsInitialized()) {
2025-10-14T10:22:51.8459910Z          ^
2025-10-14T10:22:51.8460730Z /Users/runner/work/python-interpretor-codex/python-interpretor-codex/NotesApp/PythonBridge.c:44:5: error: use of undeclared identifier 'PyGILState_STATE'
2025-10-14T10:22:51.8461430Z     PyGILState_STATE g = PyGILState_Ensure();
2025-10-14T10:22:51.8461800Z     ^
2025-10-14T10:22:51.8462810Z /Users/runner/work/python-interpretor-codex/python-interpretor-codex/NotesApp/PythonBridge.c:56:14: error: call to undeclared function 'PyRun_SimpleString'; ISO C99 and later do not support implicit function declarations [-Wimplicit-function-declaration]
2025-10-14T10:22:51.8463770Z     int rc = PyRun_SimpleString(py);
2025-10-14T10:22:51.8464160Z              ^
2025-10-14T10:22:51.8465040Z /Users/runner/work/python-interpretor-codex/python-interpretor-codex/NotesApp/PythonBridge.c:57:5: error: call to undeclared function 'PyGILState_Release'; ISO C99 and later do not support implicit function declarations [-Wimplicit-function-declaration]
2025-10-14T10:22:51.8466610Z     PyGILState_Release(g);
2025-10-14T10:22:51.8467030Z     ^
2025-10-14T10:22:51.8467690Z /Users/runner/work/python-interpretor-codex/python-interpretor-codex/NotesApp/PythonBridge.c:57:24: error: use of undeclared identifier 'g'
2025-10-14T10:22:51.8468470Z     PyGILState_Release(g);
2025-10-14T10:22:51.8468770Z                        ^
2025-10-14T10:22:51.8477270Z /Users/runner/work/python-interpretor-codex/python-interpretor-codex/NotesApp/PythonBridge.c:66:27: error: unknown type name 'PyObject'
2025-10-14T10:22:51.8479410Z static char* dup_pystring(PyObject* s) {
2025-10-14T10:22:51.8481750Z                           ^
2025-10-14T10:22:51.8484010Z /Users/runner/work/python-interpretor-codex/python-interpretor-codex/NotesApp/PythonBridge.c:68:21: error: call to undeclared function 'PyUnicode_AsUTF8'; ISO C99 and later do not support implicit function declarations [-Wimplicit-function-declaration]
2025-10-14T10:22:51.8491250Z     const char* u = PyUnicode_AsUTF8(s);
2025-10-14T10:22:51.8491650Z                     ^
2025-10-14T10:22:51.8492410Z /Users/runner/work/python-interpretor-codex/python-interpretor-codex/NotesApp/PythonBridge.c:98:5: error: use of undeclared identifier 'PyGILState_STATE'
2025-10-14T10:22:51.8493410Z     PyGILState_STATE g = PyGILState_Ensure();
2025-10-14T10:22:51.8493740Z     ^
2025-10-14T10:22:51.8494480Z /Users/runner/work/python-interpretor-codex/python-interpretor-codex/NotesApp/PythonBridge.c:100:5: error: use of undeclared identifier 'PyObject'
2025-10-14T10:22:51.8495150Z     PyObject *sys = NULL, *io = NULL, *old_out = NULL, *old_err = NULL, *new_out = NULL, *new_err = NULL;
2025-10-14T10:22:51.8495430Z     ^
2025-10-14T10:22:51.8496000Z /Users/runner/work/python-interpretor-codex/python-interpretor-codex/NotesApp/PythonBridge.c:100:15: error: use of undeclared identifier 'sys'
2025-10-14T10:22:51.8498170Z     PyObject *sys = NULL, *io = NULL, *old_out = NULL, *old_err = NULL, *new_out = NULL, *new_err = NULL;
2025-10-14T10:22:51.8501580Z               ^
2025-10-14T10:22:51.8504890Z /Users/runner/work/python-interpretor-codex/python-interpretor-codex/NotesApp/PythonBridge.c:100:28: error: use of undeclared identifier 'io'
2025-10-14T10:22:51.8505580Z     PyObject *sys = NULL, *io = NULL, *old_out = NULL, *old_err = NULL, *new_out = NULL, *new_err = NULL;
2025-10-14T10:22:51.8506510Z                            ^
2025-10-14T10:22:51.8507030Z /Users/runner/work/python-interpretor-codex/python-interpretor-codex/NotesApp/PythonBridge.c:100:40: error: use of undeclared identifier 'old_out'
2025-10-14T10:22:51.8507700Z     PyObject *sys = NULL, *io = NULL, *old_out = NULL, *old_err = NULL, *new_out = NULL, *new_err = NULL;
2025-10-14T10:22:51.8508150Z                                        ^
2025-10-14T10:22:51.8508680Z /Users/runner/work/python-interpretor-codex/python-interpretor-codex/NotesApp/PythonBridge.c:100:57: error: use of undeclared identifier 'old_err'
2025-10-14T10:22:51.8509340Z     PyObject *sys = NULL, *io = NULL, *old_out = NULL, *old_err = NULL, *new_out = NULL, *new_err = NULL;
2025-10-14T10:22:51.8509700Z                                                         ^
2025-10-14T10:22:51.8510310Z /Users/runner/work/python-interpretor-codex/python-interpretor-codex/NotesApp/PythonBridge.c:100:74: error: use of undeclared identifier 'new_out'
2025-10-14T10:22:51.8510960Z     PyObject *sys = NULL, *io = NULL, *old_out = NULL, *old_err = NULL, *new_out = NULL, *new_err = NULL;
2025-10-14T10:22:51.8511310Z                                                                          ^
2025-10-14T10:22:51.8511910Z /Users/runner/work/python-interpretor-codex/python-interpretor-codex/NotesApp/PythonBridge.c:100:91: error: use of undeclared identifier 'new_err'
2025-10-14T10:22:51.8512560Z     PyObject *sys = NULL, *io = NULL, *old_out = NULL, *old_err = NULL, *new_out = NULL, *new_err = NULL;
2025-10-14T10:22:51.8512930Z                                                                                           ^
2025-10-14T10:22:51.8514010Z /Users/runner/work/python-interpretor-codex/python-interpretor-codex/NotesApp/PythonBridge.c:103:5: error: use of undeclared identifier 'sys'
2025-10-14T10:22:51.8514670Z     sys = PyImport_ImportModule("sys");
2025-10-14T10:22:51.8525840Z     ^
2025-10-14T10:22:51.8534210Z /Users/runner/work/python-interpretor-codex/python-interpretor-codex/NotesApp/PythonBridge.c:103:11: error: call to undeclared function 'PyImport_ImportModule'; ISO C99 and later do not support implicit function declarations [-Wimplicit-function-declaration]
2025-10-14T10:22:51.8536650Z     sys = PyImport_ImportModule("sys");
2025-10-14T10:22:51.8537220Z           ^
2025-10-14T10:22:51.8537870Z fatal error: too many errors emitted, stopping now [-ferror-limit=]
2025-10-14T10:22:51.8538780Z 20 errors generated.
2025-10-14T10:22:51.8539020Z 
2025-10-14T10:22:51.8915410Z ** BUILD FAILED **
2025-10-14T10:22:51.9093890Z 
2025-10-14T10:22:51.9196960Z 
2025-10-14T10:22:51.9237340Z The following build commands failed:
2025-10-14T10:22:51.9303300Z 	CompileC /Users/runner/work/_temp/Derived/Build/Intermediates.noindex/NotesApp.build/Release-iphoneos/NotesApp.build/Objects-normal/arm64/PythonBridge.o /Users/runner/work/python-interpretor-codex/python-interpretor-codex/NotesApp/PythonBridge.c normal arm64 c com.apple.compilers.llvm.clang.1_0.compiler (in target 'NotesApp' from project 'NotesApp')
2025-10-14T10:22:51.9307180Z (1 failure)
2025-10-14T10:22:51.9328240Z ##[error]Process completed with exit code 65.
2025-10-14T10:22:51.9751550Z Post job cleanup.
2025-10-14T10:22:52.5193670Z [command]/opt/homebrew/bin/git version
2025-10-14T10:22:52.5704730Z git version 2.50.1
2025-10-14T10:22:52.6010710Z Copying '/Users/runner/.gitconfig' to '/Users/runner/work/_temp/f6ec8633-c491-46c1-8f43-16a9a0e4f001/.gitconfig'
2025-10-14T10:22:52.6109410Z Temporarily overriding HOME='/Users/runner/work/_temp/f6ec8633-c491-46c1-8f43-16a9a0e4f001' before making global git config changes
2025-10-14T10:22:52.6138490Z Adding repository directory to the temporary git global config as a safe directory
2025-10-14T10:22:52.6173160Z [command]/opt/homebrew/bin/git config --global --add safe.directory /Users/runner/work/python-interpretor-codex/python-interpretor-codex
2025-10-14T10:22:52.6185470Z [command]/opt/homebrew/bin/git config --local --name-only --get-regexp core\.sshCommand
2025-10-14T10:22:52.6197830Z [command]/opt/homebrew/bin/git submodule foreach --recursive sh -c "git config --local --name-only --get-regexp 'core\.sshCommand' && git config --local --unset-all 'core.sshCommand' || :"
2025-10-14T10:22:52.7575930Z fatal: No url found for submodule path 'tmp_hydrateiq_privacy' in .gitmodules
2025-10-14T10:22:52.7790930Z ##[warning]The process '/opt/homebrew/bin/git' failed with exit code 128
2025-10-14T10:22:52.7939230Z Cleaning up orphan processes
2025-10-14T10:22:53.5154890Z Terminate orphan process: pid (3253) (ibtoold)
